#
# There is insufficient memory for the Java Runtime Environment to continue.
# Native memory allocation (malloc) failed to allocate 707536 bytes for Chunk::new
# Possible reasons:
#   The system is out of physical RAM or swap space
#   The process is running with CompressedOops enabled, and the Java Heap may be blocking the growth of the native heap
# Possible solutions:
#   Reduce memory load on the system
#   Increase physical memory or swap space
#   Check if swap backing store is full
#   Decrease Java heap size (-Xmx/-Xms)
#   Decrease number of Java threads
#   Decrease Java thread stack sizes (-Xss)
#   Set larger code cache with -XX:ReservedCodeCacheSize=
#   JVM is running with Unscaled Compressed Oops mode in which the Java heap is
#     placed in the first 4GB address space. The Java Heap base address is the
#     maximum limit for the native heap growth. Please use -XX:HeapBaseMinAddress
#     to set the Java Heap base and to place the Java Heap above 4GB virtual address.
# This output file may be truncated or incomplete.
#
#  Out of Memory Error (arena.cpp:168), pid=341900, tid=340504
#
# JRE version: OpenJDK Runtime Environment (21.0.2+13) (build 21.0.2+13-58)
# Java VM: OpenJDK 64-Bit Server VM (21.0.2+13-58, mixed mode, sharing, tiered, compressed oops, compressed class ptrs, g1 gc, windows-amd64)
# No core dump will be written. Minidumps are not enabled by default on client versions of Windows
#

---------------  S U M M A R Y ------------

Command Line: --add-opens=java.base/java.util=ALL-UNNAMED --add-opens=java.base/java.lang=ALL-UNNAMED --add-opens=java.base/java.lang.invoke=ALL-UNNAMED --add-opens=java.prefs/java.util.prefs=ALL-UNNAMED --add-opens=java.base/java.nio.charset=ALL-UNNAMED --add-opens=java.base/java.net=ALL-UNNAMED --add-opens=java.base/java.util.concurrent.atomic=ALL-UNNAMED -XX:MaxMetaspaceSize=384m -XX:+HeapDumpOnOutOfMemoryError -Xms256m -Xmx512m -Dfile.encoding=windows-1251 -Duser.country=US -Duser.language=en -Duser.variant -javaagent:C:\Users\Plamen Kamenov\.gradle\wrapper\dists\gradle-8.7-bin\bhs2wmbdwecv87pi65oeuq5iu\gradle-8.7\lib\agents\gradle-instrumentation-agent-8.7.jar org.gradle.launcher.daemon.bootstrap.GradleDaemon 8.7

Host: Intel(R) Core(TM) i7-8665U CPU @ 1.90GHz, 8 cores, 23G,  Windows 11 , 64 bit Build 26100 (10.0.26100.2454)
Time: Fri Jan  3 08:52:20 2025 GTB Standard Time elapsed time: 19.317258 seconds (0d 0h 0m 19s)

---------------  T H R E A D  ---------------

Current thread (0x000001f34a12afa0):  JavaThread "C2 CompilerThread0" daemon [_thread_in_native, id=340504, stack(0x0000008e46900000,0x0000008e46a00000) (1024K)]


Current CompileTask:
C2:  19317 4464       4       groovy.lang.MetaClassImpl$1MOPIter::methodNameAction (325 bytes)

Stack: [0x0000008e46900000,0x0000008e46a00000]
Native frames: (J=compiled Java code, j=interpreted, Vv=VM code, C=native code)
V  [jvm.dll+0x6cade9]
V  [jvm.dll+0x8569c1]
V  [jvm.dll+0x858d2e]
V  [jvm.dll+0x859413]
V  [jvm.dll+0x280e56]
V  [jvm.dll+0xc3f3d]
V  [jvm.dll+0xc4473]
V  [jvm.dll+0x3b5bf2]
V  [jvm.dll+0x382855]
V  [jvm.dll+0x381cca]
V  [jvm.dll+0x249bd0]
V  [jvm.dll+0x2491b1]
V  [jvm.dll+0x1c9634]
V  [jvm.dll+0x258859]
V  [jvm.dll+0x256e3a]
V  [jvm.dll+0x3ef6c6]
V  [jvm.dll+0x7ff568]
V  [jvm.dll+0x6c953d]
C  [ucrtbase.dll+0x14ea0]
C  [KERNEL32.DLL+0x2e8d7]
C  [ntdll.dll+0xdfbcc]


---------------  P R O C E S S  ---------------

Threads class SMR info:
_java_thread_list=0x000001f34e7a0070, length=38, elements={
0x000001f314102640, 0x000001f330f75680, 0x000001f330f75cf0, 0x000001f330f78770,
0x000001f330f79520, 0x000001f330f7a330, 0x000001f330f7d800, 0x000001f34a12afa0,
0x000001f34a12b650, 0x000001f34a1f1c60, 0x000001f34a37b180, 0x000001f34bb49fd0,
0x000001f34bd3b870, 0x000001f34c1a5210, 0x000001f34c16eca0, 0x000001f34bd8cb40,
0x000001f34c195300, 0x000001f34c192ba0, 0x000001f34c195990, 0x000001f34c196020,
0x000001f34c193230, 0x000001f34c1938c0, 0x000001f34c193f50, 0x000001f34c1945e0,
0x000001f34cbfc6f0, 0x000001f34cbff4e0, 0x000001f34cbfc060, 0x000001f34cbfcd80,
0x000001f34cbfdaa0, 0x000001f34cbfd410, 0x000001f34cbffb70, 0x000001f34cbfee50,
0x000001f34cc015b0, 0x000001f34be92c80, 0x000001f34cc01c40, 0x000001f34cbfe7c0,
0x000001f34cc022d0, 0x000001f34cc00890
}

Java Threads: ( => current thread )
  0x000001f314102640 JavaThread "main"                              [_thread_blocked, id=339096, stack(0x0000008e45b00000,0x0000008e45c00000) (1024K)]
  0x000001f330f75680 JavaThread "Reference Handler"          daemon [_thread_blocked, id=344020, stack(0x0000008e46300000,0x0000008e46400000) (1024K)]
  0x000001f330f75cf0 JavaThread "Finalizer"                  daemon [_thread_blocked, id=341680, stack(0x0000008e46400000,0x0000008e46500000) (1024K)]
  0x000001f330f78770 JavaThread "Signal Dispatcher"          daemon [_thread_blocked, id=4944, stack(0x0000008e46500000,0x0000008e46600000) (1024K)]
  0x000001f330f79520 JavaThread "Attach Listener"            daemon [_thread_blocked, id=344324, stack(0x0000008e46600000,0x0000008e46700000) (1024K)]
  0x000001f330f7a330 JavaThread "Service Thread"             daemon [_thread_blocked, id=339624, stack(0x0000008e46700000,0x0000008e46800000) (1024K)]
  0x000001f330f7d800 JavaThread "Monitor Deflation Thread"   daemon [_thread_blocked, id=331100, stack(0x0000008e46800000,0x0000008e46900000) (1024K)]
=>0x000001f34a12afa0 JavaThread "C2 CompilerThread0"         daemon [_thread_in_native, id=340504, stack(0x0000008e46900000,0x0000008e46a00000) (1024K)]
  0x000001f34a12b650 JavaThread "C1 CompilerThread0"         daemon [_thread_in_native, id=341788, stack(0x0000008e46a00000,0x0000008e46b00000) (1024K)]
  0x000001f34a1f1c60 JavaThread "Common-Cleaner"             daemon [_thread_blocked, id=344496, stack(0x0000008e46b00000,0x0000008e46c00000) (1024K)]
  0x000001f34a37b180 JavaThread "Notification Thread"        daemon [_thread_blocked, id=336184, stack(0x0000008e46c00000,0x0000008e46d00000) (1024K)]
  0x000001f34bb49fd0 JavaThread "Daemon health stats"               [_thread_blocked, id=343660, stack(0x0000008e47300000,0x0000008e47400000) (1024K)]
  0x000001f34bd3b870 JavaThread "Incoming local TCP Connector on port 62093"        [_thread_in_native, id=330212, stack(0x0000008e46d00000,0x0000008e46e00000) (1024K)]
  0x000001f34c1a5210 JavaThread "Daemon periodic checks"            [_thread_blocked, id=344668, stack(0x0000008e47500000,0x0000008e47600000) (1024K)]
  0x000001f34c16eca0 JavaThread "Daemon"                            [_thread_blocked, id=338496, stack(0x0000008e47600000,0x0000008e47700000) (1024K)]
  0x000001f34bd8cb40 JavaThread "Handler for socket connection from /127.0.0.1:62093 to /127.0.0.1:62094"        [_thread_in_native, id=321708, stack(0x0000008e47700000,0x0000008e47800000) (1024K)]
  0x000001f34c195300 JavaThread "Cancel handler"                    [_thread_blocked, id=342872, stack(0x0000008e47400000,0x0000008e47500000) (1024K)]
  0x000001f34c192ba0 JavaThread "Daemon worker"                     [_thread_in_vm, id=332944, stack(0x0000008e47800000,0x0000008e47900000) (1024K)]
  0x000001f34c195990 JavaThread "Asynchronous log dispatcher for DefaultDaemonConnection: socket connection from /127.0.0.1:62093 to /127.0.0.1:62094"        [_thread_blocked, id=344248, stack(0x0000008e47900000,0x0000008e47a00000) (1024K)]
  0x000001f34c196020 JavaThread "Stdin handler"                     [_thread_blocked, id=342028, stack(0x0000008e47a00000,0x0000008e47b00000) (1024K)]
  0x000001f34c193230 JavaThread "Daemon client event forwarder"        [_thread_blocked, id=344996, stack(0x0000008e47b00000,0x0000008e47c00000) (1024K)]
  0x000001f34c1938c0 JavaThread "Cache worker for journal cache (C:\Users\Plamen Kamenov\.gradle\caches\journal-1)"        [_thread_blocked, id=340244, stack(0x0000008e47c00000,0x0000008e47d00000) (1024K)]
  0x000001f34c193f50 JavaThread "File lock request listener"        [_thread_in_native, id=11504, stack(0x0000008e47d00000,0x0000008e47e00000) (1024K)]
  0x000001f34c1945e0 JavaThread "Cache worker for file hash cache (C:\Users\Plamen Kamenov\.gradle\caches\8.7\fileHashes)"        [_thread_blocked, id=14752, stack(0x0000008e47e00000,0x0000008e47f00000) (1024K)]
  0x000001f34cbfc6f0 JavaThread "Cache worker for file hash cache (C:\Users\Plamen Kamenov\Desktop\HistoryAppNewSpring2024-master\HistoryAppNewSpring2024-master\.gradle\8.7\fileHashes)"        [_thread_blocked, id=22524, stack(0x0000008e48100000,0x0000008e48200000) (1024K)]
  0x000001f34cbff4e0 JavaThread "File watcher server"        daemon [_thread_in_native, id=343940, stack(0x0000008e48200000,0x0000008e48300000) (1024K)]
  0x000001f34cbfc060 JavaThread "File watcher consumer"      daemon [_thread_blocked, id=341164, stack(0x0000008e48400000,0x0000008e48500000) (1024K)]
  0x000001f34cbfcd80 JavaThread "Cache worker for checksums cache (C:\Users\Plamen Kamenov\Desktop\HistoryAppNewSpring2024-master\HistoryAppNewSpring2024-master\.gradle\8.7\checksums)"        [_thread_blocked, id=340700, stack(0x0000008e48500000,0x0000008e48600000) (1024K)]
  0x000001f34cbfdaa0 JavaThread "Cache worker for cache directory md-supplier (C:\Users\Plamen Kamenov\.gradle\caches\8.7\md-supplier)"        [_thread_blocked, id=344948, stack(0x0000008e48600000,0x0000008e48700000) (1024K)]
  0x000001f34cbfd410 JavaThread "Cache worker for cache directory md-rule (C:\Users\Plamen Kamenov\.gradle\caches\8.7\md-rule)"        [_thread_blocked, id=340572, stack(0x0000008e48700000,0x0000008e48800000) (1024K)]
  0x000001f34cbffb70 JavaThread "Cache worker for file content cache (C:\Users\Plamen Kamenov\.gradle\caches\8.7\fileContent)"        [_thread_blocked, id=341352, stack(0x0000008e48800000,0x0000008e48900000) (1024K)]
  0x000001f34cbfee50 JavaThread "jar transforms"                    [_thread_blocked, id=344756, stack(0x0000008e48a00000,0x0000008e48b00000) (1024K)]
  0x000001f34cc015b0 JavaThread "jar transforms Thread 2"           [_thread_blocked, id=344428, stack(0x0000008e48b00000,0x0000008e48c00000) (1024K)]
  0x000001f34be92c80 JavaThread "C2 CompilerThread1"         daemon [_thread_in_native, id=29236, stack(0x0000008e48900000,0x0000008e48a00000) (1024K)]
  0x000001f34cc01c40 JavaThread "jar transforms Thread 3"           [_thread_blocked, id=344932, stack(0x0000008e48c00000,0x0000008e48d00000) (1024K)]
  0x000001f34cbfe7c0 JavaThread "jar transforms Thread 4"           [_thread_blocked, id=22092, stack(0x0000008e48d00000,0x0000008e48e00000) (1024K)]
  0x000001f34cc022d0 JavaThread "jar transforms Thread 5"           [_thread_blocked, id=342696, stack(0x0000008e48e00000,0x0000008e48f00000) (1024K)]
  0x000001f34cc00890 JavaThread "jar transforms Thread 6"           [_thread_blocked, id=344224, stack(0x0000008e48f00000,0x0000008e49000000) (1024K)]
Total: 38

Other Threads:
  0x000001f330f43870 VMThread "VM Thread"                           [id=343696, stack(0x0000008e46200000,0x0000008e46300000) (1024K)]
  0x000001f330f2d3d0 WatcherThread "VM Periodic Task Thread"        [id=344532, stack(0x0000008e46100000,0x0000008e46200000) (1024K)]
  0x000001f314382fc0 WorkerThread "GC Thread#0"                     [id=22436, stack(0x0000008e45c00000,0x0000008e45d00000) (1024K)]
  0x000001f34ad6c2c0 WorkerThread "GC Thread#1"                     [id=337520, stack(0x0000008e46e00000,0x0000008e46f00000) (1024K)]
  0x000001f34ad6c660 WorkerThread "GC Thread#2"                     [id=342488, stack(0x0000008e46f00000,0x0000008e47000000) (1024K)]
  0x000001f34ad6ce00 WorkerThread "GC Thread#3"                     [id=343464, stack(0x0000008e47000000,0x0000008e47100000) (1024K)]
  0x000001f34ad6d7b0 WorkerThread "GC Thread#4"                     [id=344076, stack(0x0000008e47100000,0x0000008e47200000) (1024K)]
  0x000001f34ad6e360 WorkerThread "GC Thread#5"                     [id=336604, stack(0x0000008e47200000,0x0000008e47300000) (1024K)]
  0x000001f34d7aa1b0 WorkerThread "GC Thread#6"                     [id=344592, stack(0x0000008e47f00000,0x0000008e48000000) (1024K)]
  0x000001f34b374300 WorkerThread "GC Thread#7"                     [id=341100, stack(0x0000008e48000000,0x0000008e48100000) (1024K)]
  0x000001f3143882b0 ConcurrentGCThread "G1 Main Marker"            [id=341180, stack(0x0000008e45d00000,0x0000008e45e00000) (1024K)]
  0x000001f31438a7d0 WorkerThread "G1 Conc#0"                       [id=342612, stack(0x0000008e45e00000,0x0000008e45f00000) (1024K)]
  0x000001f34b3d0260 WorkerThread "G1 Conc#1"                       [id=341832, stack(0x0000008e48300000,0x0000008e48400000) (1024K)]
  0x000001f330e01560 ConcurrentGCThread "G1 Refine#0"               [id=344772, stack(0x0000008e45f00000,0x0000008e46000000) (1024K)]
  0x000001f330e059b0 ConcurrentGCThread "G1 Service"                [id=343188, stack(0x0000008e46000000,0x0000008e46100000) (1024K)]
Total: 15

Threads with active compile tasks:
C2 CompilerThread0    19348 4464       4       groovy.lang.MetaClassImpl$1MOPIter::methodNameAction (325 bytes)
C2 CompilerThread1    19348 4525       4       java.util.Collection::stream (11 bytes)
Total: 2

VM state: not at safepoint (normal execution)

VM Mutex/Monitor currently owned by a thread: None

Heap address: 0x00000000e0000000, size: 512 MB, Compressed Oops mode: 32-bit

CDS archive(s) mapped at: [0x000001f331000000-0x000001f331c90000-0x000001f331c90000), size 13172736, SharedBaseAddress: 0x000001f331000000, ArchiveRelocationMode: 1.
Compressed class space mapped at: 0x000001f332000000-0x000001f346000000, reserved size: 335544320
Narrow klass base: 0x000001f331000000, Narrow klass shift: 0, Narrow klass range: 0x100000000

GC Precious Log:
 CardTable entry size: 512
 Card Set container configuration: InlinePtr #cards 5 size 8 Array Of Cards #cards 12 size 40 Howl #buckets 4 coarsen threshold 1843 Howl Bitmap #cards 512 size 80 coarsen threshold 460 Card regions per heap region 1 cards per card region 2048
 CPUs: 8 total, 8 available
 Memory: 24390M
 Large Page Support: Disabled
 NUMA Support: Disabled
 Compressed Oops: Enabled (32-bit)
 Heap Region Size: 1M
 Heap Min Capacity: 256M
 Heap Initial Capacity: 256M
 Heap Max Capacity: 512M
 Pre-touch: Disabled
 Parallel Workers: 8
 Concurrent Workers: 2
 Concurrent Refinement Workers: 8
 Periodic GC: Disabled

Heap:
 garbage-first heap   total 262144K, used 72237K [0x00000000e0000000, 0x0000000100000000)
  region size 1024K, 46 young (47104K), 8 survivors (8192K)
 Metaspace       used 37254K, committed 38592K, reserved 393216K
  class space    used 5257K, committed 5888K, reserved 327680K

Heap Regions: E=young(eden), S=young(survivor), O=old, HS=humongous(starts), HC=humongous(continues), CS=collection set, F=free, TAMS=top-at-mark-start, PB=parsable bottom
|   0|0x00000000e0000000, 0x00000000e0100000, 0x00000000e0100000|100%|HS|  |TAMS 0x00000000e0000000| PB 0x00000000e0000000| Complete 
|   1|0x00000000e0100000, 0x00000000e0200000, 0x00000000e0200000|100%|HC|  |TAMS 0x00000000e0100000| PB 0x00000000e0100000| Complete 
|   2|0x00000000e0200000, 0x00000000e0300000, 0x00000000e0300000|100%|HC|  |TAMS 0x00000000e0200000| PB 0x00000000e0200000| Complete 
|   3|0x00000000e0300000, 0x00000000e0400000, 0x00000000e0400000|100%|HC|  |TAMS 0x00000000e0300000| PB 0x00000000e0300000| Complete 
|   4|0x00000000e0400000, 0x00000000e0500000, 0x00000000e0500000|100%| O|  |TAMS 0x00000000e0400000| PB 0x00000000e0400000| Untracked 
|   5|0x00000000e0500000, 0x00000000e0600000, 0x00000000e0600000|100%| O|  |TAMS 0x00000000e0500000| PB 0x00000000e0500000| Untracked 
|   6|0x00000000e0600000, 0x00000000e0700000, 0x00000000e0700000|100%| O|  |TAMS 0x00000000e0600000| PB 0x00000000e0600000| Untracked 
|   7|0x00000000e0700000, 0x00000000e0800000, 0x00000000e0800000|100%| O|  |TAMS 0x00000000e0700000| PB 0x00000000e0700000| Untracked 
|   8|0x00000000e0800000, 0x00000000e0900000, 0x00000000e0900000|100%| O|  |TAMS 0x00000000e0800000| PB 0x00000000e0800000| Untracked 
|   9|0x00000000e0900000, 0x00000000e0a00000, 0x00000000e0a00000|100%| O|  |TAMS 0x00000000e0900000| PB 0x00000000e0900000| Untracked 
|  10|0x00000000e0a00000, 0x00000000e0b00000, 0x00000000e0b00000|100%| O|  |TAMS 0x00000000e0a00000| PB 0x00000000e0a00000| Untracked 
|  11|0x00000000e0b00000, 0x00000000e0c00000, 0x00000000e0c00000|100%| O|  |TAMS 0x00000000e0b00000| PB 0x00000000e0b00000| Untracked 
|  12|0x00000000e0c00000, 0x00000000e0d00000, 0x00000000e0d00000|100%| O|  |TAMS 0x00000000e0c00000| PB 0x00000000e0c00000| Untracked 
|  13|0x00000000e0d00000, 0x00000000e0e00000, 0x00000000e0e00000|100%| O|  |TAMS 0x00000000e0d00000| PB 0x00000000e0d00000| Untracked 
|  14|0x00000000e0e00000, 0x00000000e0f00000, 0x00000000e0f00000|100%| O|  |TAMS 0x00000000e0e00000| PB 0x00000000e0e00000| Untracked 
|  15|0x00000000e0f00000, 0x00000000e1000000, 0x00000000e1000000|100%| O|  |TAMS 0x00000000e0f00000| PB 0x00000000e0f00000| Untracked 
|  16|0x00000000e1000000, 0x00000000e1100000, 0x00000000e1100000|100%| O|  |TAMS 0x00000000e1000000| PB 0x00000000e1000000| Untracked 
|  17|0x00000000e1100000, 0x00000000e1200000, 0x00000000e1200000|100%| O|  |TAMS 0x00000000e1100000| PB 0x00000000e1100000| Untracked 
|  18|0x00000000e1200000, 0x00000000e1300000, 0x00000000e1300000|100%| O|  |TAMS 0x00000000e1200000| PB 0x00000000e1200000| Untracked 
|  19|0x00000000e1300000, 0x00000000e1400000, 0x00000000e1400000|100%| O|  |TAMS 0x00000000e1300000| PB 0x00000000e1300000| Untracked 
|  20|0x00000000e1400000, 0x00000000e1500000, 0x00000000e1500000|100%| O|  |TAMS 0x00000000e1400000| PB 0x00000000e1400000| Untracked 
|  21|0x00000000e1500000, 0x00000000e15ad700, 0x00000000e1600000| 67%| O|  |TAMS 0x00000000e1500000| PB 0x00000000e1500000| Untracked 
|  22|0x00000000e1600000, 0x00000000e1700000, 0x00000000e1700000|100%|HS|  |TAMS 0x00000000e1600000| PB 0x00000000e1600000| Complete 
|  23|0x00000000e1700000, 0x00000000e1800000, 0x00000000e1800000|100%|HS|  |TAMS 0x00000000e1700000| PB 0x00000000e1700000| Complete 
|  24|0x00000000e1800000, 0x00000000e1900000, 0x00000000e1900000|100%|HC|  |TAMS 0x00000000e1800000| PB 0x00000000e1800000| Complete 
|  25|0x00000000e1900000, 0x00000000e1a00000, 0x00000000e1a00000|100%|HS|  |TAMS 0x00000000e1900000| PB 0x00000000e1900000| Complete 
|  26|0x00000000e1a00000, 0x00000000e1b00000, 0x00000000e1b00000|100%|HC|  |TAMS 0x00000000e1a00000| PB 0x00000000e1a00000| Complete 
|  27|0x00000000e1b00000, 0x00000000e1b00000, 0x00000000e1c00000|  0%| F|  |TAMS 0x00000000e1b00000| PB 0x00000000e1b00000| Untracked 
|  28|0x00000000e1c00000, 0x00000000e1c00000, 0x00000000e1d00000|  0%| F|  |TAMS 0x00000000e1c00000| PB 0x00000000e1c00000| Untracked 
|  29|0x00000000e1d00000, 0x00000000e1d00000, 0x00000000e1e00000|  0%| F|  |TAMS 0x00000000e1d00000| PB 0x00000000e1d00000| Untracked 
|  30|0x00000000e1e00000, 0x00000000e1e00000, 0x00000000e1f00000|  0%| F|  |TAMS 0x00000000e1e00000| PB 0x00000000e1e00000| Untracked 
|  31|0x00000000e1f00000, 0x00000000e1f00000, 0x00000000e2000000|  0%| F|  |TAMS 0x00000000e1f00000| PB 0x00000000e1f00000| Untracked 
|  32|0x00000000e2000000, 0x00000000e2000000, 0x00000000e2100000|  0%| F|  |TAMS 0x00000000e2000000| PB 0x00000000e2000000| Untracked 
|  33|0x00000000e2100000, 0x00000000e2100000, 0x00000000e2200000|  0%| F|  |TAMS 0x00000000e2100000| PB 0x00000000e2100000| Untracked 
|  34|0x00000000e2200000, 0x00000000e2200000, 0x00000000e2300000|  0%| F|  |TAMS 0x00000000e2200000| PB 0x00000000e2200000| Untracked 
|  35|0x00000000e2300000, 0x00000000e2300000, 0x00000000e2400000|  0%| F|  |TAMS 0x00000000e2300000| PB 0x00000000e2300000| Untracked 
|  36|0x00000000e2400000, 0x00000000e2400000, 0x00000000e2500000|  0%| F|  |TAMS 0x00000000e2400000| PB 0x00000000e2400000| Untracked 
|  37|0x00000000e2500000, 0x00000000e2500000, 0x00000000e2600000|  0%| F|  |TAMS 0x00000000e2500000| PB 0x00000000e2500000| Untracked 
|  38|0x00000000e2600000, 0x00000000e2600000, 0x00000000e2700000|  0%| F|  |TAMS 0x00000000e2600000| PB 0x00000000e2600000| Untracked 
|  39|0x00000000e2700000, 0x00000000e2700000, 0x00000000e2800000|  0%| F|  |TAMS 0x00000000e2700000| PB 0x00000000e2700000| Untracked 
|  40|0x00000000e2800000, 0x00000000e2800000, 0x00000000e2900000|  0%| F|  |TAMS 0x00000000e2800000| PB 0x00000000e2800000| Untracked 
|  41|0x00000000e2900000, 0x00000000e2900000, 0x00000000e2a00000|  0%| F|  |TAMS 0x00000000e2900000| PB 0x00000000e2900000| Untracked 
|  42|0x00000000e2a00000, 0x00000000e2a00000, 0x00000000e2b00000|  0%| F|  |TAMS 0x00000000e2a00000| PB 0x00000000e2a00000| Untracked 
|  43|0x00000000e2b00000, 0x00000000e2b00000, 0x00000000e2c00000|  0%| F|  |TAMS 0x00000000e2b00000| PB 0x00000000e2b00000| Untracked 
|  44|0x00000000e2c00000, 0x00000000e2c00000, 0x00000000e2d00000|  0%| F|  |TAMS 0x00000000e2c00000| PB 0x00000000e2c00000| Untracked 
|  45|0x00000000e2d00000, 0x00000000e2d00000, 0x00000000e2e00000|  0%| F|  |TAMS 0x00000000e2d00000| PB 0x00000000e2d00000| Untracked 
|  46|0x00000000e2e00000, 0x00000000e2e00000, 0x00000000e2f00000|  0%| F|  |TAMS 0x00000000e2e00000| PB 0x00000000e2e00000| Untracked 
|  47|0x00000000e2f00000, 0x00000000e2f00000, 0x00000000e3000000|  0%| F|  |TAMS 0x00000000e2f00000| PB 0x00000000e2f00000| Untracked 
|  48|0x00000000e3000000, 0x00000000e3000000, 0x00000000e3100000|  0%| F|  |TAMS 0x00000000e3000000| PB 0x00000000e3000000| Untracked 
|  49|0x00000000e3100000, 0x00000000e3100000, 0x00000000e3200000|  0%| F|  |TAMS 0x00000000e3100000| PB 0x00000000e3100000| Untracked 
|  50|0x00000000e3200000, 0x00000000e3200000, 0x00000000e3300000|  0%| F|  |TAMS 0x00000000e3200000| PB 0x00000000e3200000| Untracked 
|  51|0x00000000e3300000, 0x00000000e3300000, 0x00000000e3400000|  0%| F|  |TAMS 0x00000000e3300000| PB 0x00000000e3300000| Untracked 
|  52|0x00000000e3400000, 0x00000000e3400000, 0x00000000e3500000|  0%| F|  |TAMS 0x00000000e3400000| PB 0x00000000e3400000| Untracked 
|  53|0x00000000e3500000, 0x00000000e3500000, 0x00000000e3600000|  0%| F|  |TAMS 0x00000000e3500000| PB 0x00000000e3500000| Untracked 
|  54|0x00000000e3600000, 0x00000000e3600000, 0x00000000e3700000|  0%| F|  |TAMS 0x00000000e3600000| PB 0x00000000e3600000| Untracked 
|  55|0x00000000e3700000, 0x00000000e3700000, 0x00000000e3800000|  0%| F|  |TAMS 0x00000000e3700000| PB 0x00000000e3700000| Untracked 
|  56|0x00000000e3800000, 0x00000000e3800000, 0x00000000e3900000|  0%| F|  |TAMS 0x00000000e3800000| PB 0x00000000e3800000| Untracked 
|  57|0x00000000e3900000, 0x00000000e3900000, 0x00000000e3a00000|  0%| F|  |TAMS 0x00000000e3900000| PB 0x00000000e3900000| Untracked 
|  58|0x00000000e3a00000, 0x00000000e3a00000, 0x00000000e3b00000|  0%| F|  |TAMS 0x00000000e3a00000| PB 0x00000000e3a00000| Untracked 
|  59|0x00000000e3b00000, 0x00000000e3b00000, 0x00000000e3c00000|  0%| F|  |TAMS 0x00000000e3b00000| PB 0x00000000e3b00000| Untracked 
|  60|0x00000000e3c00000, 0x00000000e3c00000, 0x00000000e3d00000|  0%| F|  |TAMS 0x00000000e3c00000| PB 0x00000000e3c00000| Untracked 
|  61|0x00000000e3d00000, 0x00000000e3d00000, 0x00000000e3e00000|  0%| F|  |TAMS 0x00000000e3d00000| PB 0x00000000e3d00000| Untracked 
|  62|0x00000000e3e00000, 0x00000000e3e00000, 0x00000000e3f00000|  0%| F|  |TAMS 0x00000000e3e00000| PB 0x00000000e3e00000| Untracked 
|  63|0x00000000e3f00000, 0x00000000e3f00000, 0x00000000e4000000|  0%| F|  |TAMS 0x00000000e3f00000| PB 0x00000000e3f00000| Untracked 
|  64|0x00000000e4000000, 0x00000000e4000000, 0x00000000e4100000|  0%| F|  |TAMS 0x00000000e4000000| PB 0x00000000e4000000| Untracked 
|  65|0x00000000e4100000, 0x00000000e4100000, 0x00000000e4200000|  0%| F|  |TAMS 0x00000000e4100000| PB 0x00000000e4100000| Untracked 
|  66|0x00000000e4200000, 0x00000000e4200000, 0x00000000e4300000|  0%| F|  |TAMS 0x00000000e4200000| PB 0x00000000e4200000| Untracked 
|  67|0x00000000e4300000, 0x00000000e4300000, 0x00000000e4400000|  0%| F|  |TAMS 0x00000000e4300000| PB 0x00000000e4300000| Untracked 
|  68|0x00000000e4400000, 0x00000000e4400000, 0x00000000e4500000|  0%| F|  |TAMS 0x00000000e4400000| PB 0x00000000e4400000| Untracked 
|  69|0x00000000e4500000, 0x00000000e4500000, 0x00000000e4600000|  0%| F|  |TAMS 0x00000000e4500000| PB 0x00000000e4500000| Untracked 
|  70|0x00000000e4600000, 0x00000000e4600000, 0x00000000e4700000|  0%| F|  |TAMS 0x00000000e4600000| PB 0x00000000e4600000| Untracked 
|  71|0x00000000e4700000, 0x00000000e4700000, 0x00000000e4800000|  0%| F|  |TAMS 0x00000000e4700000| PB 0x00000000e4700000| Untracked 
|  72|0x00000000e4800000, 0x00000000e4800000, 0x00000000e4900000|  0%| F|  |TAMS 0x00000000e4800000| PB 0x00000000e4800000| Untracked 
|  73|0x00000000e4900000, 0x00000000e4900000, 0x00000000e4a00000|  0%| F|  |TAMS 0x00000000e4900000| PB 0x00000000e4900000| Untracked 
|  74|0x00000000e4a00000, 0x00000000e4a00000, 0x00000000e4b00000|  0%| F|  |TAMS 0x00000000e4a00000| PB 0x00000000e4a00000| Untracked 
|  75|0x00000000e4b00000, 0x00000000e4b00000, 0x00000000e4c00000|  0%| F|  |TAMS 0x00000000e4b00000| PB 0x00000000e4b00000| Untracked 
|  76|0x00000000e4c00000, 0x00000000e4c00000, 0x00000000e4d00000|  0%| F|  |TAMS 0x00000000e4c00000| PB 0x00000000e4c00000| Untracked 
|  77|0x00000000e4d00000, 0x00000000e4d00000, 0x00000000e4e00000|  0%| F|  |TAMS 0x00000000e4d00000| PB 0x00000000e4d00000| Untracked 
|  78|0x00000000e4e00000, 0x00000000e4e00000, 0x00000000e4f00000|  0%| F|  |TAMS 0x00000000e4e00000| PB 0x00000000e4e00000| Untracked 
|  79|0x00000000e4f00000, 0x00000000e4f00000, 0x00000000e5000000|  0%| F|  |TAMS 0x00000000e4f00000| PB 0x00000000e4f00000| Untracked 
|  80|0x00000000e5000000, 0x00000000e5000000, 0x00000000e5100000|  0%| F|  |TAMS 0x00000000e5000000| PB 0x00000000e5000000| Untracked 
|  81|0x00000000e5100000, 0x00000000e5100000, 0x00000000e5200000|  0%| F|  |TAMS 0x00000000e5100000| PB 0x00000000e5100000| Untracked 
|  82|0x00000000e5200000, 0x00000000e5200000, 0x00000000e5300000|  0%| F|  |TAMS 0x00000000e5200000| PB 0x00000000e5200000| Untracked 
|  83|0x00000000e5300000, 0x00000000e5300000, 0x00000000e5400000|  0%| F|  |TAMS 0x00000000e5300000| PB 0x00000000e5300000| Untracked 
|  84|0x00000000e5400000, 0x00000000e5400000, 0x00000000e5500000|  0%| F|  |TAMS 0x00000000e5400000| PB 0x00000000e5400000| Untracked 
|  85|0x00000000e5500000, 0x00000000e5500000, 0x00000000e5600000|  0%| F|  |TAMS 0x00000000e5500000| PB 0x00000000e5500000| Untracked 
|  86|0x00000000e5600000, 0x00000000e5600000, 0x00000000e5700000|  0%| F|  |TAMS 0x00000000e5600000| PB 0x00000000e5600000| Untracked 
|  87|0x00000000e5700000, 0x00000000e5700000, 0x00000000e5800000|  0%| F|  |TAMS 0x00000000e5700000| PB 0x00000000e5700000| Untracked 
|  88|0x00000000e5800000, 0x00000000e5800000, 0x00000000e5900000|  0%| F|  |TAMS 0x00000000e5800000| PB 0x00000000e5800000| Untracked 
|  89|0x00000000e5900000, 0x00000000e5900000, 0x00000000e5a00000|  0%| F|  |TAMS 0x00000000e5900000| PB 0x00000000e5900000| Untracked 
|  90|0x00000000e5a00000, 0x00000000e5a00000, 0x00000000e5b00000|  0%| F|  |TAMS 0x00000000e5a00000| PB 0x00000000e5a00000| Untracked 
|  91|0x00000000e5b00000, 0x00000000e5b00000, 0x00000000e5c00000|  0%| F|  |TAMS 0x00000000e5b00000| PB 0x00000000e5b00000| Untracked 
|  92|0x00000000e5c00000, 0x00000000e5c00000, 0x00000000e5d00000|  0%| F|  |TAMS 0x00000000e5c00000| PB 0x00000000e5c00000| Untracked 
|  93|0x00000000e5d00000, 0x00000000e5d00000, 0x00000000e5e00000|  0%| F|  |TAMS 0x00000000e5d00000| PB 0x00000000e5d00000| Untracked 
|  94|0x00000000e5e00000, 0x00000000e5e00000, 0x00000000e5f00000|  0%| F|  |TAMS 0x00000000e5e00000| PB 0x00000000e5e00000| Untracked 
|  95|0x00000000e5f00000, 0x00000000e5f00000, 0x00000000e6000000|  0%| F|  |TAMS 0x00000000e5f00000| PB 0x00000000e5f00000| Untracked 
|  96|0x00000000e6000000, 0x00000000e6000000, 0x00000000e6100000|  0%| F|  |TAMS 0x00000000e6000000| PB 0x00000000e6000000| Untracked 
|  97|0x00000000e6100000, 0x00000000e6100000, 0x00000000e6200000|  0%| F|  |TAMS 0x00000000e6100000| PB 0x00000000e6100000| Untracked 
|  98|0x00000000e6200000, 0x00000000e6200000, 0x00000000e6300000|  0%| F|  |TAMS 0x00000000e6200000| PB 0x00000000e6200000| Untracked 
|  99|0x00000000e6300000, 0x00000000e6300000, 0x00000000e6400000|  0%| F|  |TAMS 0x00000000e6300000| PB 0x00000000e6300000| Untracked 
| 100|0x00000000e6400000, 0x00000000e6400000, 0x00000000e6500000|  0%| F|  |TAMS 0x00000000e6400000| PB 0x00000000e6400000| Untracked 
| 101|0x00000000e6500000, 0x00000000e6500000, 0x00000000e6600000|  0%| F|  |TAMS 0x00000000e6500000| PB 0x00000000e6500000| Untracked 
| 102|0x00000000e6600000, 0x00000000e6600000, 0x00000000e6700000|  0%| F|  |TAMS 0x00000000e6600000| PB 0x00000000e6600000| Untracked 
| 103|0x00000000e6700000, 0x00000000e6700000, 0x00000000e6800000|  0%| F|  |TAMS 0x00000000e6700000| PB 0x00000000e6700000| Untracked 
| 104|0x00000000e6800000, 0x00000000e6800000, 0x00000000e6900000|  0%| F|  |TAMS 0x00000000e6800000| PB 0x00000000e6800000| Untracked 
| 105|0x00000000e6900000, 0x00000000e6900000, 0x00000000e6a00000|  0%| F|  |TAMS 0x00000000e6900000| PB 0x00000000e6900000| Untracked 
| 106|0x00000000e6a00000, 0x00000000e6a00000, 0x00000000e6b00000|  0%| F|  |TAMS 0x00000000e6a00000| PB 0x00000000e6a00000| Untracked 
| 107|0x00000000e6b00000, 0x00000000e6b00000, 0x00000000e6c00000|  0%| F|  |TAMS 0x00000000e6b00000| PB 0x00000000e6b00000| Untracked 
| 108|0x00000000e6c00000, 0x00000000e6c00000, 0x00000000e6d00000|  0%| F|  |TAMS 0x00000000e6c00000| PB 0x00000000e6c00000| Untracked 
| 109|0x00000000e6d00000, 0x00000000e6d00000, 0x00000000e6e00000|  0%| F|  |TAMS 0x00000000e6d00000| PB 0x00000000e6d00000| Untracked 
| 110|0x00000000e6e00000, 0x00000000e6e00000, 0x00000000e6f00000|  0%| F|  |TAMS 0x00000000e6e00000| PB 0x00000000e6e00000| Untracked 
| 111|0x00000000e6f00000, 0x00000000e6f00000, 0x00000000e7000000|  0%| F|  |TAMS 0x00000000e6f00000| PB 0x00000000e6f00000| Untracked 
| 112|0x00000000e7000000, 0x00000000e7000000, 0x00000000e7100000|  0%| F|  |TAMS 0x00000000e7000000| PB 0x00000000e7000000| Untracked 
| 113|0x00000000e7100000, 0x00000000e7100000, 0x00000000e7200000|  0%| F|  |TAMS 0x00000000e7100000| PB 0x00000000e7100000| Untracked 
| 114|0x00000000e7200000, 0x00000000e7200000, 0x00000000e7300000|  0%| F|  |TAMS 0x00000000e7200000| PB 0x00000000e7200000| Untracked 
| 115|0x00000000e7300000, 0x00000000e7300000, 0x00000000e7400000|  0%| F|  |TAMS 0x00000000e7300000| PB 0x00000000e7300000| Untracked 
| 116|0x00000000e7400000, 0x00000000e7400000, 0x00000000e7500000|  0%| F|  |TAMS 0x00000000e7400000| PB 0x00000000e7400000| Untracked 
| 117|0x00000000e7500000, 0x00000000e7500000, 0x00000000e7600000|  0%| F|  |TAMS 0x00000000e7500000| PB 0x00000000e7500000| Untracked 
| 118|0x00000000e7600000, 0x00000000e7600000, 0x00000000e7700000|  0%| F|  |TAMS 0x00000000e7600000| PB 0x00000000e7600000| Untracked 
| 119|0x00000000e7700000, 0x00000000e7700000, 0x00000000e7800000|  0%| F|  |TAMS 0x00000000e7700000| PB 0x00000000e7700000| Untracked 
| 120|0x00000000e7800000, 0x00000000e7800000, 0x00000000e7900000|  0%| F|  |TAMS 0x00000000e7800000| PB 0x00000000e7800000| Untracked 
| 121|0x00000000e7900000, 0x00000000e7900000, 0x00000000e7a00000|  0%| F|  |TAMS 0x00000000e7900000| PB 0x00000000e7900000| Untracked 
| 122|0x00000000e7a00000, 0x00000000e7a00000, 0x00000000e7b00000|  0%| F|  |TAMS 0x00000000e7a00000| PB 0x00000000e7a00000| Untracked 
| 123|0x00000000e7b00000, 0x00000000e7b00000, 0x00000000e7c00000|  0%| F|  |TAMS 0x00000000e7b00000| PB 0x00000000e7b00000| Untracked 
| 124|0x00000000e7c00000, 0x00000000e7c00000, 0x00000000e7d00000|  0%| F|  |TAMS 0x00000000e7c00000| PB 0x00000000e7c00000| Untracked 
| 125|0x00000000e7d00000, 0x00000000e7d00000, 0x00000000e7e00000|  0%| F|  |TAMS 0x00000000e7d00000| PB 0x00000000e7d00000| Untracked 
| 126|0x00000000e7e00000, 0x00000000e7e00000, 0x00000000e7f00000|  0%| F|  |TAMS 0x00000000e7e00000| PB 0x00000000e7e00000| Untracked 
| 127|0x00000000e7f00000, 0x00000000e7f00000, 0x00000000e8000000|  0%| F|  |TAMS 0x00000000e7f00000| PB 0x00000000e7f00000| Untracked 
| 128|0x00000000e8000000, 0x00000000e8000000, 0x00000000e8100000|  0%| F|  |TAMS 0x00000000e8000000| PB 0x00000000e8000000| Untracked 
| 129|0x00000000e8100000, 0x00000000e8100000, 0x00000000e8200000|  0%| F|  |TAMS 0x00000000e8100000| PB 0x00000000e8100000| Untracked 
| 130|0x00000000e8200000, 0x00000000e8200000, 0x00000000e8300000|  0%| F|  |TAMS 0x00000000e8200000| PB 0x00000000e8200000| Untracked 
| 131|0x00000000e8300000, 0x00000000e8300000, 0x00000000e8400000|  0%| F|  |TAMS 0x00000000e8300000| PB 0x00000000e8300000| Untracked 
| 132|0x00000000e8400000, 0x00000000e8400000, 0x00000000e8500000|  0%| F|  |TAMS 0x00000000e8400000| PB 0x00000000e8400000| Untracked 
| 133|0x00000000e8500000, 0x00000000e8500000, 0x00000000e8600000|  0%| F|  |TAMS 0x00000000e8500000| PB 0x00000000e8500000| Untracked 
| 134|0x00000000e8600000, 0x00000000e8600000, 0x00000000e8700000|  0%| F|  |TAMS 0x00000000e8600000| PB 0x00000000e8600000| Untracked 
| 135|0x00000000e8700000, 0x00000000e8700000, 0x00000000e8800000|  0%| F|  |TAMS 0x00000000e8700000| PB 0x00000000e8700000| Untracked 
| 136|0x00000000e8800000, 0x00000000e8800000, 0x00000000e8900000|  0%| F|  |TAMS 0x00000000e8800000| PB 0x00000000e8800000| Untracked 
| 137|0x00000000e8900000, 0x00000000e8900000, 0x00000000e8a00000|  0%| F|  |TAMS 0x00000000e8900000| PB 0x00000000e8900000| Untracked 
| 138|0x00000000e8a00000, 0x00000000e8a00000, 0x00000000e8b00000|  0%| F|  |TAMS 0x00000000e8a00000| PB 0x00000000e8a00000| Untracked 
| 139|0x00000000e8b00000, 0x00000000e8b00000, 0x00000000e8c00000|  0%| F|  |TAMS 0x00000000e8b00000| PB 0x00000000e8b00000| Untracked 
| 140|0x00000000e8c00000, 0x00000000e8c00000, 0x00000000e8d00000|  0%| F|  |TAMS 0x00000000e8c00000| PB 0x00000000e8c00000| Untracked 
| 141|0x00000000e8d00000, 0x00000000e8d00000, 0x00000000e8e00000|  0%| F|  |TAMS 0x00000000e8d00000| PB 0x00000000e8d00000| Untracked 
| 142|0x00000000e8e00000, 0x00000000e8e00000, 0x00000000e8f00000|  0%| F|  |TAMS 0x00000000e8e00000| PB 0x00000000e8e00000| Untracked 
| 143|0x00000000e8f00000, 0x00000000e8f00000, 0x00000000e9000000|  0%| F|  |TAMS 0x00000000e8f00000| PB 0x00000000e8f00000| Untracked 
| 144|0x00000000e9000000, 0x00000000e9000000, 0x00000000e9100000|  0%| F|  |TAMS 0x00000000e9000000| PB 0x00000000e9000000| Untracked 
| 145|0x00000000e9100000, 0x00000000e9100000, 0x00000000e9200000|  0%| F|  |TAMS 0x00000000e9100000| PB 0x00000000e9100000| Untracked 
| 146|0x00000000e9200000, 0x00000000e9200000, 0x00000000e9300000|  0%| F|  |TAMS 0x00000000e9200000| PB 0x00000000e9200000| Untracked 
| 147|0x00000000e9300000, 0x00000000e9300000, 0x00000000e9400000|  0%| F|  |TAMS 0x00000000e9300000| PB 0x00000000e9300000| Untracked 
| 148|0x00000000e9400000, 0x00000000e9400000, 0x00000000e9500000|  0%| F|  |TAMS 0x00000000e9400000| PB 0x00000000e9400000| Untracked 
| 149|0x00000000e9500000, 0x00000000e9500000, 0x00000000e9600000|  0%| F|  |TAMS 0x00000000e9500000| PB 0x00000000e9500000| Untracked 
| 150|0x00000000e9600000, 0x00000000e9600000, 0x00000000e9700000|  0%| F|  |TAMS 0x00000000e9600000| PB 0x00000000e9600000| Untracked 
| 151|0x00000000e9700000, 0x00000000e9700000, 0x00000000e9800000|  0%| F|  |TAMS 0x00000000e9700000| PB 0x00000000e9700000| Untracked 
| 152|0x00000000e9800000, 0x00000000e9800000, 0x00000000e9900000|  0%| F|  |TAMS 0x00000000e9800000| PB 0x00000000e9800000| Untracked 
| 153|0x00000000e9900000, 0x00000000e9900000, 0x00000000e9a00000|  0%| F|  |TAMS 0x00000000e9900000| PB 0x00000000e9900000| Untracked 
| 154|0x00000000e9a00000, 0x00000000e9a00000, 0x00000000e9b00000|  0%| F|  |TAMS 0x00000000e9a00000| PB 0x00000000e9a00000| Untracked 
| 155|0x00000000e9b00000, 0x00000000e9b00000, 0x00000000e9c00000|  0%| F|  |TAMS 0x00000000e9b00000| PB 0x00000000e9b00000| Untracked 
| 156|0x00000000e9c00000, 0x00000000e9c00000, 0x00000000e9d00000|  0%| F|  |TAMS 0x00000000e9c00000| PB 0x00000000e9c00000| Untracked 
| 157|0x00000000e9d00000, 0x00000000e9d00000, 0x00000000e9e00000|  0%| F|  |TAMS 0x00000000e9d00000| PB 0x00000000e9d00000| Untracked 
| 158|0x00000000e9e00000, 0x00000000e9e00000, 0x00000000e9f00000|  0%| F|  |TAMS 0x00000000e9e00000| PB 0x00000000e9e00000| Untracked 
| 159|0x00000000e9f00000, 0x00000000e9f00000, 0x00000000ea000000|  0%| F|  |TAMS 0x00000000e9f00000| PB 0x00000000e9f00000| Untracked 
| 160|0x00000000ea000000, 0x00000000ea000000, 0x00000000ea100000|  0%| F|  |TAMS 0x00000000ea000000| PB 0x00000000ea000000| Untracked 
| 161|0x00000000ea100000, 0x00000000ea1ddd48, 0x00000000ea200000| 86%| S|CS|TAMS 0x00000000ea100000| PB 0x00000000ea100000| Complete 
| 162|0x00000000ea200000, 0x00000000ea300000, 0x00000000ea300000|100%| S|CS|TAMS 0x00000000ea200000| PB 0x00000000ea200000| Complete 
| 163|0x00000000ea300000, 0x00000000ea400000, 0x00000000ea400000|100%| S|CS|TAMS 0x00000000ea300000| PB 0x00000000ea300000| Complete 
| 164|0x00000000ea400000, 0x00000000ea500000, 0x00000000ea500000|100%| S|CS|TAMS 0x00000000ea400000| PB 0x00000000ea400000| Complete 
| 165|0x00000000ea500000, 0x00000000ea600000, 0x00000000ea600000|100%| S|CS|TAMS 0x00000000ea500000| PB 0x00000000ea500000| Complete 
| 166|0x00000000ea600000, 0x00000000ea700000, 0x00000000ea700000|100%| S|CS|TAMS 0x00000000ea600000| PB 0x00000000ea600000| Complete 
| 167|0x00000000ea700000, 0x00000000ea800000, 0x00000000ea800000|100%| S|CS|TAMS 0x00000000ea700000| PB 0x00000000ea700000| Complete 
| 168|0x00000000ea800000, 0x00000000ea900000, 0x00000000ea900000|100%| S|CS|TAMS 0x00000000ea800000| PB 0x00000000ea800000| Complete 
| 169|0x00000000ea900000, 0x00000000ea900000, 0x00000000eaa00000|  0%| F|  |TAMS 0x00000000ea900000| PB 0x00000000ea900000| Untracked 
| 170|0x00000000eaa00000, 0x00000000eaa00000, 0x00000000eab00000|  0%| F|  |TAMS 0x00000000eaa00000| PB 0x00000000eaa00000| Untracked 
| 171|0x00000000eab00000, 0x00000000eab00000, 0x00000000eac00000|  0%| F|  |TAMS 0x00000000eab00000| PB 0x00000000eab00000| Untracked 
| 172|0x00000000eac00000, 0x00000000eac00000, 0x00000000ead00000|  0%| F|  |TAMS 0x00000000eac00000| PB 0x00000000eac00000| Untracked 
| 173|0x00000000ead00000, 0x00000000ead00000, 0x00000000eae00000|  0%| F|  |TAMS 0x00000000ead00000| PB 0x00000000ead00000| Untracked 
| 174|0x00000000eae00000, 0x00000000eae00000, 0x00000000eaf00000|  0%| F|  |TAMS 0x00000000eae00000| PB 0x00000000eae00000| Untracked 
| 175|0x00000000eaf00000, 0x00000000eaf00000, 0x00000000eb000000|  0%| F|  |TAMS 0x00000000eaf00000| PB 0x00000000eaf00000| Untracked 
| 176|0x00000000eb000000, 0x00000000eb000000, 0x00000000eb100000|  0%| F|  |TAMS 0x00000000eb000000| PB 0x00000000eb000000| Untracked 
| 177|0x00000000eb100000, 0x00000000eb100000, 0x00000000eb200000|  0%| F|  |TAMS 0x00000000eb100000| PB 0x00000000eb100000| Untracked 
| 178|0x00000000eb200000, 0x00000000eb200000, 0x00000000eb300000|  0%| F|  |TAMS 0x00000000eb200000| PB 0x00000000eb200000| Untracked 
| 179|0x00000000eb300000, 0x00000000eb300000, 0x00000000eb400000|  0%| F|  |TAMS 0x00000000eb300000| PB 0x00000000eb300000| Untracked 
| 180|0x00000000eb400000, 0x00000000eb400000, 0x00000000eb500000|  0%| F|  |TAMS 0x00000000eb400000| PB 0x00000000eb400000| Untracked 
| 181|0x00000000eb500000, 0x00000000eb500000, 0x00000000eb600000|  0%| F|  |TAMS 0x00000000eb500000| PB 0x00000000eb500000| Untracked 
| 182|0x00000000eb600000, 0x00000000eb600000, 0x00000000eb700000|  0%| F|  |TAMS 0x00000000eb600000| PB 0x00000000eb600000| Untracked 
| 183|0x00000000eb700000, 0x00000000eb700000, 0x00000000eb800000|  0%| F|  |TAMS 0x00000000eb700000| PB 0x00000000eb700000| Untracked 
| 184|0x00000000eb800000, 0x00000000eb800000, 0x00000000eb900000|  0%| F|  |TAMS 0x00000000eb800000| PB 0x00000000eb800000| Untracked 
| 185|0x00000000eb900000, 0x00000000eb900000, 0x00000000eba00000|  0%| F|  |TAMS 0x00000000eb900000| PB 0x00000000eb900000| Untracked 
| 186|0x00000000eba00000, 0x00000000eba00000, 0x00000000ebb00000|  0%| F|  |TAMS 0x00000000eba00000| PB 0x00000000eba00000| Untracked 
| 187|0x00000000ebb00000, 0x00000000ebb00000, 0x00000000ebc00000|  0%| F|  |TAMS 0x00000000ebb00000| PB 0x00000000ebb00000| Untracked 
| 188|0x00000000ebc00000, 0x00000000ebc00000, 0x00000000ebd00000|  0%| F|  |TAMS 0x00000000ebc00000| PB 0x00000000ebc00000| Untracked 
| 189|0x00000000ebd00000, 0x00000000ebd00000, 0x00000000ebe00000|  0%| F|  |TAMS 0x00000000ebd00000| PB 0x00000000ebd00000| Untracked 
| 190|0x00000000ebe00000, 0x00000000ebe00000, 0x00000000ebf00000|  0%| F|  |TAMS 0x00000000ebe00000| PB 0x00000000ebe00000| Untracked 
| 191|0x00000000ebf00000, 0x00000000ebf00000, 0x00000000ec000000|  0%| F|  |TAMS 0x00000000ebf00000| PB 0x00000000ebf00000| Untracked 
| 192|0x00000000ec000000, 0x00000000ec000000, 0x00000000ec100000|  0%| F|  |TAMS 0x00000000ec000000| PB 0x00000000ec000000| Untracked 
| 193|0x00000000ec100000, 0x00000000ec100000, 0x00000000ec200000|  0%| F|  |TAMS 0x00000000ec100000| PB 0x00000000ec100000| Untracked 
| 194|0x00000000ec200000, 0x00000000ec200000, 0x00000000ec300000|  0%| F|  |TAMS 0x00000000ec200000| PB 0x00000000ec200000| Untracked 
| 195|0x00000000ec300000, 0x00000000ec300000, 0x00000000ec400000|  0%| F|  |TAMS 0x00000000ec300000| PB 0x00000000ec300000| Untracked 
| 196|0x00000000ec400000, 0x00000000ec400000, 0x00000000ec500000|  0%| F|  |TAMS 0x00000000ec400000| PB 0x00000000ec400000| Untracked 
| 197|0x00000000ec500000, 0x00000000ec500000, 0x00000000ec600000|  0%| F|  |TAMS 0x00000000ec500000| PB 0x00000000ec500000| Untracked 
| 198|0x00000000ec600000, 0x00000000ec600000, 0x00000000ec700000|  0%| F|  |TAMS 0x00000000ec600000| PB 0x00000000ec600000| Untracked 
| 199|0x00000000ec700000, 0x00000000ec700000, 0x00000000ec800000|  0%| F|  |TAMS 0x00000000ec700000| PB 0x00000000ec700000| Untracked 
| 200|0x00000000ec800000, 0x00000000ec800000, 0x00000000ec900000|  0%| F|  |TAMS 0x00000000ec800000| PB 0x00000000ec800000| Untracked 
| 201|0x00000000ec900000, 0x00000000ec900000, 0x00000000eca00000|  0%| F|  |TAMS 0x00000000ec900000| PB 0x00000000ec900000| Untracked 
| 202|0x00000000eca00000, 0x00000000eca00000, 0x00000000ecb00000|  0%| F|  |TAMS 0x00000000eca00000| PB 0x00000000eca00000| Untracked 
| 203|0x00000000ecb00000, 0x00000000ecb00000, 0x00000000ecc00000|  0%| F|  |TAMS 0x00000000ecb00000| PB 0x00000000ecb00000| Untracked 
| 204|0x00000000ecc00000, 0x00000000ecc00000, 0x00000000ecd00000|  0%| F|  |TAMS 0x00000000ecc00000| PB 0x00000000ecc00000| Untracked 
| 205|0x00000000ecd00000, 0x00000000ecd00000, 0x00000000ece00000|  0%| F|  |TAMS 0x00000000ecd00000| PB 0x00000000ecd00000| Untracked 
| 206|0x00000000ece00000, 0x00000000ece00000, 0x00000000ecf00000|  0%| F|  |TAMS 0x00000000ece00000| PB 0x00000000ece00000| Untracked 
| 207|0x00000000ecf00000, 0x00000000ecf00000, 0x00000000ed000000|  0%| F|  |TAMS 0x00000000ecf00000| PB 0x00000000ecf00000| Untracked 
| 208|0x00000000ed000000, 0x00000000ed000000, 0x00000000ed100000|  0%| F|  |TAMS 0x00000000ed000000| PB 0x00000000ed000000| Untracked 
| 209|0x00000000ed100000, 0x00000000ed100000, 0x00000000ed200000|  0%| F|  |TAMS 0x00000000ed100000| PB 0x00000000ed100000| Untracked 
| 210|0x00000000ed200000, 0x00000000ed200000, 0x00000000ed300000|  0%| F|  |TAMS 0x00000000ed200000| PB 0x00000000ed200000| Untracked 
| 211|0x00000000ed300000, 0x00000000ed300000, 0x00000000ed400000|  0%| F|  |TAMS 0x00000000ed300000| PB 0x00000000ed300000| Untracked 
| 212|0x00000000ed400000, 0x00000000ed400000, 0x00000000ed500000|  0%| F|  |TAMS 0x00000000ed400000| PB 0x00000000ed400000| Untracked 
| 213|0x00000000ed500000, 0x00000000ed500000, 0x00000000ed600000|  0%| F|  |TAMS 0x00000000ed500000| PB 0x00000000ed500000| Untracked 
| 214|0x00000000ed600000, 0x00000000ed600000, 0x00000000ed700000|  0%| F|  |TAMS 0x00000000ed600000| PB 0x00000000ed600000| Untracked 
| 215|0x00000000ed700000, 0x00000000ed700000, 0x00000000ed800000|  0%| F|  |TAMS 0x00000000ed700000| PB 0x00000000ed700000| Untracked 
| 216|0x00000000ed800000, 0x00000000ed800000, 0x00000000ed900000|  0%| F|  |TAMS 0x00000000ed800000| PB 0x00000000ed800000| Untracked 
| 217|0x00000000ed900000, 0x00000000ed900000, 0x00000000eda00000|  0%| F|  |TAMS 0x00000000ed900000| PB 0x00000000ed900000| Untracked 
| 218|0x00000000eda00000, 0x00000000eda80818, 0x00000000edb00000| 50%| E|  |TAMS 0x00000000eda00000| PB 0x00000000eda00000| Complete 
| 219|0x00000000edb00000, 0x00000000edc00000, 0x00000000edc00000|100%| E|CS|TAMS 0x00000000edb00000| PB 0x00000000edb00000| Complete 
| 220|0x00000000edc00000, 0x00000000edd00000, 0x00000000edd00000|100%| E|CS|TAMS 0x00000000edc00000| PB 0x00000000edc00000| Complete 
| 221|0x00000000edd00000, 0x00000000ede00000, 0x00000000ede00000|100%| E|CS|TAMS 0x00000000edd00000| PB 0x00000000edd00000| Complete 
| 222|0x00000000ede00000, 0x00000000edf00000, 0x00000000edf00000|100%| E|CS|TAMS 0x00000000ede00000| PB 0x00000000ede00000| Complete 
| 223|0x00000000edf00000, 0x00000000ee000000, 0x00000000ee000000|100%| E|CS|TAMS 0x00000000edf00000| PB 0x00000000edf00000| Complete 
| 224|0x00000000ee000000, 0x00000000ee100000, 0x00000000ee100000|100%| E|CS|TAMS 0x00000000ee000000| PB 0x00000000ee000000| Complete 
| 225|0x00000000ee100000, 0x00000000ee200000, 0x00000000ee200000|100%| E|CS|TAMS 0x00000000ee100000| PB 0x00000000ee100000| Complete 
| 226|0x00000000ee200000, 0x00000000ee300000, 0x00000000ee300000|100%| E|CS|TAMS 0x00000000ee200000| PB 0x00000000ee200000| Complete 
| 227|0x00000000ee300000, 0x00000000ee400000, 0x00000000ee400000|100%| E|CS|TAMS 0x00000000ee300000| PB 0x00000000ee300000| Complete 
| 228|0x00000000ee400000, 0x00000000ee500000, 0x00000000ee500000|100%| E|CS|TAMS 0x00000000ee400000| PB 0x00000000ee400000| Complete 
| 229|0x00000000ee500000, 0x00000000ee600000, 0x00000000ee600000|100%| E|  |TAMS 0x00000000ee500000| PB 0x00000000ee500000| Complete 
| 230|0x00000000ee600000, 0x00000000ee700000, 0x00000000ee700000|100%| E|CS|TAMS 0x00000000ee600000| PB 0x00000000ee600000| Complete 
| 231|0x00000000ee700000, 0x00000000ee800000, 0x00000000ee800000|100%| E|CS|TAMS 0x00000000ee700000| PB 0x00000000ee700000| Complete 
| 232|0x00000000ee800000, 0x00000000ee900000, 0x00000000ee900000|100%| E|CS|TAMS 0x00000000ee800000| PB 0x00000000ee800000| Complete 
| 233|0x00000000ee900000, 0x00000000eea00000, 0x00000000eea00000|100%| E|CS|TAMS 0x00000000ee900000| PB 0x00000000ee900000| Complete 
| 234|0x00000000eea00000, 0x00000000eeb00000, 0x00000000eeb00000|100%| E|CS|TAMS 0x00000000eea00000| PB 0x00000000eea00000| Complete 
| 235|0x00000000eeb00000, 0x00000000eec00000, 0x00000000eec00000|100%| E|CS|TAMS 0x00000000eeb00000| PB 0x00000000eeb00000| Complete 
| 236|0x00000000eec00000, 0x00000000eed00000, 0x00000000eed00000|100%| E|CS|TAMS 0x00000000eec00000| PB 0x00000000eec00000| Complete 
| 237|0x00000000eed00000, 0x00000000eee00000, 0x00000000eee00000|100%| E|CS|TAMS 0x00000000eed00000| PB 0x00000000eed00000| Complete 
| 238|0x00000000eee00000, 0x00000000eef00000, 0x00000000eef00000|100%| E|CS|TAMS 0x00000000eee00000| PB 0x00000000eee00000| Complete 
| 239|0x00000000eef00000, 0x00000000ef000000, 0x00000000ef000000|100%| E|CS|TAMS 0x00000000eef00000| PB 0x00000000eef00000| Complete 
| 240|0x00000000ef000000, 0x00000000ef100000, 0x00000000ef100000|100%| E|CS|TAMS 0x00000000ef000000| PB 0x00000000ef000000| Complete 
| 241|0x00000000ef100000, 0x00000000ef200000, 0x00000000ef200000|100%| E|CS|TAMS 0x00000000ef100000| PB 0x00000000ef100000| Complete 
| 242|0x00000000ef200000, 0x00000000ef300000, 0x00000000ef300000|100%| E|CS|TAMS 0x00000000ef200000| PB 0x00000000ef200000| Complete 
| 243|0x00000000ef300000, 0x00000000ef400000, 0x00000000ef400000|100%| E|CS|TAMS 0x00000000ef300000| PB 0x00000000ef300000| Complete 
| 244|0x00000000ef400000, 0x00000000ef500000, 0x00000000ef500000|100%| E|CS|TAMS 0x00000000ef400000| PB 0x00000000ef400000| Complete 
| 245|0x00000000ef500000, 0x00000000ef600000, 0x00000000ef600000|100%| E|CS|TAMS 0x00000000ef500000| PB 0x00000000ef500000| Complete 
| 246|0x00000000ef600000, 0x00000000ef700000, 0x00000000ef700000|100%| E|CS|TAMS 0x00000000ef600000| PB 0x00000000ef600000| Complete 
| 247|0x00000000ef700000, 0x00000000ef800000, 0x00000000ef800000|100%| E|CS|TAMS 0x00000000ef700000| PB 0x00000000ef700000| Complete 
| 248|0x00000000ef800000, 0x00000000ef900000, 0x00000000ef900000|100%| E|CS|TAMS 0x00000000ef800000| PB 0x00000000ef800000| Complete 
| 249|0x00000000ef900000, 0x00000000efa00000, 0x00000000efa00000|100%| E|CS|TAMS 0x00000000ef900000| PB 0x00000000ef900000| Complete 
| 250|0x00000000efa00000, 0x00000000efb00000, 0x00000000efb00000|100%| E|CS|TAMS 0x00000000efa00000| PB 0x00000000efa00000| Complete 
| 251|0x00000000efb00000, 0x00000000efc00000, 0x00000000efc00000|100%| E|CS|TAMS 0x00000000efb00000| PB 0x00000000efb00000| Complete 
| 252|0x00000000efc00000, 0x00000000efd00000, 0x00000000efd00000|100%| E|CS|TAMS 0x00000000efc00000| PB 0x00000000efc00000| Complete 
| 253|0x00000000efd00000, 0x00000000efe00000, 0x00000000efe00000|100%| E|CS|TAMS 0x00000000efd00000| PB 0x00000000efd00000| Complete 
| 254|0x00000000efe00000, 0x00000000eff00000, 0x00000000eff00000|100%| E|CS|TAMS 0x00000000efe00000| PB 0x00000000efe00000| Complete 
| 255|0x00000000eff00000, 0x00000000f0000000, 0x00000000f0000000|100%| E|CS|TAMS 0x00000000eff00000| PB 0x00000000eff00000| Complete 

Card table byte_map: [0x000001f32dbf0000,0x000001f32dcf0000] _byte_map_base: 0x000001f32d4f0000

Marking Bits: (CMBitMap*) 0x000001f3143836c0
 Bits: [0x000001f32dcf0000, 0x000001f32e4f0000)

Polling page: 0x000001f314420000

Metaspace:

Usage:
  Non-class:     31.30 MB used.
      Class:      5.14 MB used.
       Both:     36.44 MB used.

Virtual space:
  Non-class space:       64.00 MB reserved,      32.00 MB ( 50%) committed,  1 nodes.
      Class space:      320.00 MB reserved,       5.75 MB (  2%) committed,  1 nodes.
             Both:      384.00 MB reserved,      37.75 MB ( 10%) committed. 

Chunk freelists:
   Non-Class:  15.98 MB
       Class:  10.29 MB
        Both:  26.27 MB

MaxMetaspaceSize: 384.00 MB
CompressedClassSpaceSize: 320.00 MB
Initial GC threshold: 21.00 MB
Current GC threshold: 58.75 MB
CDS: on
 - commit_granule_bytes: 65536.
 - commit_granule_words: 8192.
 - virtual_space_node_default_size: 8388608.
 - enlarge_chunks_in_place: 1.
 - use_allocation_guard: 0.


Internal statistics:

num_allocs_failed_limit: 6.
num_arena_births: 2120.
num_arena_deaths: 0.
num_vsnodes_births: 2.
num_vsnodes_deaths: 0.
num_space_committed: 604.
num_space_uncommitted: 0.
num_chunks_returned_to_freelist: 6.
num_chunks_taken_from_freelist: 3739.
num_chunk_merges: 6.
num_chunk_splits: 2434.
num_chunks_enlarged: 1516.
num_inconsistent_stats: 0.

CodeHeap 'non-profiled nmethods': size=120000Kb used=2187Kb max_used=2239Kb free=117813Kb
 bounds [0x000001f325c30000, 0x000001f325ea0000, 0x000001f32d160000]
CodeHeap 'profiled nmethods': size=120000Kb used=7998Kb max_used=8047Kb free=112001Kb
 bounds [0x000001f31e160000, 0x000001f31e950000, 0x000001f325690000]
CodeHeap 'non-nmethods': size=5760Kb used=2683Kb max_used=2717Kb free=3076Kb
 bounds [0x000001f325690000, 0x000001f325940000, 0x000001f325c30000]
 total_blobs=4861 nmethods=4037 adapters=727
 compilation: enabled
              stopped_count=0, restarted_count=0
 full_count=0

Compilation events (20 events):
Event: 17.299 Thread 0x000001f34a12b650 4497       3       org.codehaus.groovy.util.SingleKeyHashMap::<init> (5 bytes)
Event: 17.299 Thread 0x000001f34a12b650 nmethod 4497 0x000001f31e222990 code [0x000001f31e222b40, 0x000001f31e222ee8]
Event: 17.300 Thread 0x000001f34a12b650 4499       1       org.codehaus.groovy.reflection.stdclasses.ObjectCachedClass::isAssignableFrom (2 bytes)
Event: 17.301 Thread 0x000001f34be92c80 nmethod 4487 0x000001f325cd5b10 code [0x000001f325cd5d00, 0x000001f325cd60b8]
Event: 17.301 Thread 0x000001f34a12b650 nmethod 4499 0x000001f325d2cb10 code [0x000001f325d2cca0, 0x000001f325d2cd68]
Event: 17.301 Thread 0x000001f34be92c80 4494       4       java.nio.Buffer::flip (20 bytes)
Event: 17.303 Thread 0x000001f34be92c80 nmethod 4494 0x000001f325cd5810 code [0x000001f325cd59a0, 0x000001f325cd5a40]
Event: 17.303 Thread 0x000001f34be92c80 4493       4       java.util.ArrayList::elementData (7 bytes)
Event: 17.304 Thread 0x000001f34be92c80 nmethod 4493 0x000001f325cd5510 code [0x000001f325cd56a0, 0x000001f325cd5770]
Event: 17.304 Thread 0x000001f34a12b650 4500  s!   3       java.beans.PropertyDescriptor::getPropertyType (33 bytes)
Event: 17.305 Thread 0x000001f34be92c80 4501   !   4       java.util.concurrent.ConcurrentHashMap::computeIfAbsent (576 bytes)
Event: 17.305 Thread 0x000001f34a12b650 nmethod 4500 0x000001f31e221a10 code [0x000001f31e221c60, 0x000001f31e222650]
Event: 18.705 Thread 0x000001f34a12b650 4502       3       java.lang.invoke.DirectMethodHandle$Holder::invokeStatic (14 bytes)
Event: 18.705 Thread 0x000001f34a12b650 nmethod 4502 0x000001f31e221210 code [0x000001f31e2213e0, 0x000001f31e2218c0]
Event: 18.705 Thread 0x000001f34a12b650 4503       3       java.lang.invoke.DirectMethodHandle$Holder::invokeStatic (17 bytes)
Event: 18.706 Thread 0x000001f34a12b650 nmethod 4503 0x000001f31e45f610 code [0x000001f31e45f7e0, 0x000001f31e45fc60]
Event: 18.706 Thread 0x000001f34a12b650 4504       3       java.lang.invoke.LambdaForm$MH/0x000001f3320e4c00::invoke (32 bytes)
Event: 18.706 Thread 0x000001f34a12b650 nmethod 4504 0x000001f31e45ee90 code [0x000001f31e45f060, 0x000001f31e45f508]
Event: 18.706 Thread 0x000001f34a12b650 4505       1       javax.management.ObjectName::getCanonicalName (5 bytes)
Event: 18.706 Thread 0x000001f34a12b650 nmethod 4505 0x000001f325cd5210 code [0x000001f325cd53a0, 0x000001f325cd5468]

GC Heap History (10 events):
Event: 1.043 GC heap before
{Heap before GC invocations=0 (full 0):
 garbage-first heap   total 262144K, used 26624K [0x00000000e0000000, 0x0000000100000000)
  region size 1024K, 23 young (23552K), 0 survivors (0K)
 Metaspace       used 3076K, committed 3264K, reserved 393216K
  class space    used 390K, committed 448K, reserved 327680K
}
Event: 1.048 GC heap after
{Heap after GC invocations=1 (full 0):
 garbage-first heap   total 262144K, used 10581K [0x00000000e0000000, 0x0000000100000000)
  region size 1024K, 3 young (3072K), 3 survivors (3072K)
 Metaspace       used 3076K, committed 3264K, reserved 393216K
  class space    used 390K, committed 448K, reserved 327680K
}
Event: 2.175 GC heap before
{Heap before GC invocations=1 (full 0):
 garbage-first heap   total 262144K, used 40277K [0x00000000e0000000, 0x0000000100000000)
  region size 1024K, 32 young (32768K), 3 survivors (3072K)
 Metaspace       used 4151K, committed 4416K, reserved 393216K
  class space    used 502K, committed 640K, reserved 327680K
}
Event: 2.180 GC heap after
{Heap after GC invocations=2 (full 0):
 garbage-first heap   total 262144K, used 11068K [0x00000000e0000000, 0x0000000100000000)
  region size 1024K, 1 young (1024K), 1 survivors (1024K)
 Metaspace       used 4151K, committed 4416K, reserved 393216K
  class space    used 502K, committed 640K, reserved 327680K
}
Event: 9.646 GC heap before
{Heap before GC invocations=2 (full 0):
 garbage-first heap   total 262144K, used 115516K [0x00000000e0000000, 0x0000000100000000)
  region size 1024K, 103 young (105472K), 1 survivors (1024K)
 Metaspace       used 20428K, committed 21056K, reserved 393216K
  class space    used 2941K, committed 3200K, reserved 327680K
}
Event: 9.668 GC heap after
{Heap after GC invocations=3 (full 0):
 garbage-first heap   total 262144K, used 22419K [0x00000000e0000000, 0x0000000100000000)
  region size 1024K, 12 young (12288K), 12 survivors (12288K)
 Metaspace       used 20428K, committed 21056K, reserved 393216K
  class space    used 2941K, committed 3200K, reserved 327680K
}
Event: 10.186 GC heap before
{Heap before GC invocations=3 (full 0):
 garbage-first heap   total 262144K, used 26515K [0x00000000e0000000, 0x0000000100000000)
  region size 1024K, 17 young (17408K), 12 survivors (12288K)
 Metaspace       used 20887K, committed 21504K, reserved 393216K
  class space    used 3019K, committed 3328K, reserved 327680K
}
Event: 10.201 GC heap after
{Heap after GC invocations=4 (full 0):
 garbage-first heap   total 262144K, used 23565K [0x00000000e0000000, 0x0000000100000000)
  region size 1024K, 2 young (2048K), 2 survivors (2048K)
 Metaspace       used 20887K, committed 21504K, reserved 393216K
  class space    used 3019K, committed 3328K, reserved 327680K
}
Event: 16.189 GC heap before
{Heap before GC invocations=5 (full 0):
 garbage-first heap   total 262144K, used 108557K [0x00000000e0000000, 0x0000000100000000)
  region size 1024K, 87 young (89088K), 2 survivors (2048K)
 Metaspace       used 34824K, committed 35968K, reserved 393216K
  class space    used 5030K, committed 5568K, reserved 327680K
}
Event: 16.201 GC heap after
{Heap after GC invocations=6 (full 0):
 garbage-first heap   total 262144K, used 30253K [0x00000000e0000000, 0x0000000100000000)
  region size 1024K, 8 young (8192K), 8 survivors (8192K)
 Metaspace       used 34824K, committed 35968K, reserved 393216K
  class space    used 5030K, committed 5568K, reserved 327680K
}

Dll operation events (15 events):
Event: 0.020 Loaded shared library C:\Users\Plamen Kamenov\.jdks\openjdk-21.0.2\bin\java.dll
Event: 0.070 Loaded shared library C:\Users\Plamen Kamenov\.jdks\openjdk-21.0.2\bin\jsvml.dll
Event: 0.136 Loaded shared library C:\Users\Plamen Kamenov\.jdks\openjdk-21.0.2\bin\zip.dll
Event: 0.141 Loaded shared library C:\Users\Plamen Kamenov\.jdks\openjdk-21.0.2\bin\instrument.dll
Event: 0.149 Loaded shared library C:\Users\Plamen Kamenov\.jdks\openjdk-21.0.2\bin\net.dll
Event: 0.151 Loaded shared library C:\Users\Plamen Kamenov\.jdks\openjdk-21.0.2\bin\nio.dll
Event: 0.156 Loaded shared library C:\Users\Plamen Kamenov\.jdks\openjdk-21.0.2\bin\zip.dll
Event: 0.587 Loaded shared library C:\Users\Plamen Kamenov\.jdks\openjdk-21.0.2\bin\jimage.dll
Event: 0.691 Loaded shared library C:\Users\Plamen Kamenov\.jdks\openjdk-21.0.2\bin\verify.dll
Event: 0.934 Loaded shared library C:\Users\Plamen Kamenov\.gradle\native\c067742578af261105cb4f569cf0c3c89f3d7b1fecec35dd04571415982c5e48\windows-amd64\native-platform.dll
Event: 0.945 Loaded shared library C:\Users\Plamen Kamenov\.gradle\native\38dada09dfb8b06ba9b0570ebf7e218e3eb74d4ef43ca46872605cf95ebc2f47\windows-amd64\native-platform-file-events.dll
Event: 3.586 Loaded shared library C:\Users\Plamen Kamenov\.jdks\openjdk-21.0.2\bin\management.dll
Event: 3.590 Loaded shared library C:\Users\Plamen Kamenov\.jdks\openjdk-21.0.2\bin\management_ext.dll
Event: 4.536 Loaded shared library C:\Users\Plamen Kamenov\.jdks\openjdk-21.0.2\bin\extnet.dll
Event: 4.869 Loaded shared library C:\Users\Plamen Kamenov\.jdks\openjdk-21.0.2\bin\sunmscapi.dll

Deoptimization events (20 events):
Event: 16.675 Thread 0x000001f34c192ba0 DEOPT PACKING pc=0x000001f325dea6a0 sp=0x0000008e478f9550
Event: 16.675 Thread 0x000001f34c192ba0 DEOPT UNPACKING pc=0x000001f3256e46a2 sp=0x0000008e478f9498 mode 2
Event: 16.966 Thread 0x000001f34c192ba0 Uncommon trap: trap_request=0xffffffc6 fr.pc=0x000001f325c3e3c0 relative=0x0000000000000900
Event: 16.966 Thread 0x000001f34c192ba0 Uncommon trap: reason=bimorphic_or_optimized_type_check action=maybe_recompile pc=0x000001f325c3e3c0 method=java.util.regex.Pattern$Start.match(Ljava/util/regex/Matcher;ILjava/lang/CharSequence;)Z @ 44 c2
Event: 16.966 Thread 0x000001f34c192ba0 DEOPT PACKING pc=0x000001f325c3e3c0 sp=0x0000008e478f9100
Event: 16.966 Thread 0x000001f34c192ba0 DEOPT UNPACKING pc=0x000001f3256e46a2 sp=0x0000008e478f9040 mode 2
Event: 16.966 Thread 0x000001f34c192ba0 Uncommon trap: trap_request=0xffffffc6 fr.pc=0x000001f325c3e3c0 relative=0x0000000000000900
Event: 16.966 Thread 0x000001f34c192ba0 Uncommon trap: reason=bimorphic_or_optimized_type_check action=maybe_recompile pc=0x000001f325c3e3c0 method=java.util.regex.Pattern$Start.match(Ljava/util/regex/Matcher;ILjava/lang/CharSequence;)Z @ 44 c2
Event: 16.966 Thread 0x000001f34c192ba0 DEOPT PACKING pc=0x000001f325c3e3c0 sp=0x0000008e478f9100
Event: 16.966 Thread 0x000001f34c192ba0 DEOPT UNPACKING pc=0x000001f3256e46a2 sp=0x0000008e478f9040 mode 2
Event: 16.967 Thread 0x000001f34c192ba0 Uncommon trap: trap_request=0xffffffc6 fr.pc=0x000001f325cabd90 relative=0x0000000000000770
Event: 16.967 Thread 0x000001f34c192ba0 Uncommon trap: reason=bimorphic_or_optimized_type_check action=maybe_recompile pc=0x000001f325cabd90 method=java.util.regex.Pattern$Start.match(Ljava/util/regex/Matcher;ILjava/lang/CharSequence;)Z @ 44 c2
Event: 16.967 Thread 0x000001f34c192ba0 DEOPT PACKING pc=0x000001f325cabd90 sp=0x0000008e478f9070
Event: 16.967 Thread 0x000001f34c192ba0 DEOPT UNPACKING pc=0x000001f3256e46a2 sp=0x0000008e478f9040 mode 2
Event: 17.210 Thread 0x000001f34c192ba0 DEOPT PACKING pc=0x000001f31e59f05f sp=0x0000008e478f9760
Event: 17.210 Thread 0x000001f34c192ba0 DEOPT UNPACKING pc=0x000001f3256e4e42 sp=0x0000008e478f8c38 mode 0
Event: 17.309 Thread 0x000001f34c192ba0 Uncommon trap: trap_request=0xffffffde fr.pc=0x000001f325d50c34 relative=0x00000000000002d4
Event: 17.310 Thread 0x000001f34c192ba0 Uncommon trap: reason=class_check action=maybe_recompile pc=0x000001f325d50c34 method=java.util.Collections$SetFromMap.remove(Ljava/lang/Object;)Z @ 5 c2
Event: 17.310 Thread 0x000001f34c192ba0 DEOPT PACKING pc=0x000001f325d50c34 sp=0x0000008e478fb140
Event: 17.310 Thread 0x000001f34c192ba0 DEOPT UNPACKING pc=0x000001f3256e46a2 sp=0x0000008e478fb128 mode 2

Classes loaded (20 events):
Event: 16.551 Loading class java/util/WeakHashMap$KeyIterator
Event: 16.552 Loading class java/util/WeakHashMap$HashIterator
Event: 16.552 Loading class java/util/WeakHashMap$HashIterator done
Event: 16.552 Loading class java/util/WeakHashMap$KeyIterator done
Event: 16.672 Loading class sun/invoke/util/ValueConversions$1
Event: 16.672 Loading class sun/invoke/util/ValueConversions$1 done
Event: 16.673 Loading class java/lang/invoke/BoundMethodHandle$Species_LI
Event: 16.673 Loading class java/lang/invoke/BoundMethodHandle$Species_LI done
Event: 16.900 Loading class sun/reflect/MagicAccessorImpl
Event: 16.900 Loading class sun/reflect/MagicAccessorImpl done
Event: 16.970 Loading class com/sun/beans/finder/MethodFinder
Event: 16.971 Loading class com/sun/beans/finder/AbstractFinder
Event: 16.972 Loading class com/sun/beans/finder/AbstractFinder done
Event: 16.972 Loading class com/sun/beans/finder/MethodFinder done
Event: 16.972 Loading class com/sun/beans/finder/MethodFinder$1
Event: 16.972 Loading class com/sun/beans/finder/MethodFinder$1 done
Event: 16.972 Loading class com/sun/beans/finder/FinderUtils
Event: 16.973 Loading class com/sun/beans/finder/FinderUtils done
Event: 17.156 Loading class java/security/CodeSigner
Event: 17.156 Loading class java/security/CodeSigner done

Classes unloaded (0 events):
No events

Classes redefined (0 events):
No events

Internal exceptions (20 events):
Event: 16.673 Thread 0x000001f34c192ba0 Exception <a 'java/lang/NoSuchMethodError'{0x00000000ee8708a0}: 'int java.lang.invoke.DirectMethodHandle$Holder.invokeSpecial(java.lang.Object, java.lang.Object, java.lang.Object, int)'> (0x00000000ee8708a0) 
thrown [s\open\src\hotspot\share\interpreter\linkResolver.cpp, line 773]
Event: 16.674 Thread 0x000001f34c192ba0 Exception <a 'java/lang/NoSuchMethodError'{0x00000000ee881968}: 'java.lang.Object java.lang.invoke.DirectMethodHandle$Holder.invokeStatic(java.lang.Object, java.lang.Object, java.lang.Object, java.lang.Object, int)'> (0x00000000ee881968) 
thrown [s\open\src\hotspot\share\interpreter\linkResolver.cpp, line 773]
Event: 16.727 Thread 0x000001f34c192ba0 Exception <a 'java/lang/ClassNotFoundException'{0x00000000ee7c8db8}: org/gradle/invocation/DefaultGradle_DecoratedBeanInfo> (0x00000000ee7c8db8) 
thrown [s\open\src\hotspot\share\classfile\systemDictionary.cpp, line 312]
Event: 16.729 Thread 0x000001f34c192ba0 Exception <a 'java/lang/ClassNotFoundException'{0x00000000ee7d5c28}: org/gradle/invocation/DefaultGradleBeanInfo> (0x00000000ee7d5c28) 
thrown [s\open\src\hotspot\share\classfile\systemDictionary.cpp, line 312]
Event: 16.730 Thread 0x000001f34c192ba0 Exception <a 'java/lang/ClassNotFoundException'{0x00000000ee7e3968}: org/gradle/api/internal/project/AbstractPluginAwareBeanInfo> (0x00000000ee7e3968) 
thrown [s\open\src\hotspot\share\classfile\systemDictionary.cpp, line 312]
Event: 16.731 Thread 0x000001f34c192ba0 Exception <a 'java/lang/ClassNotFoundException'{0x00000000ee7f0c38}: org/gradle/api/internal/project/AbstractPluginAwareCustomizer> (0x00000000ee7f0c38) 
thrown [s\open\src\hotspot\share\classfile\systemDictionary.cpp, line 312]
Event: 16.733 Thread 0x000001f34c192ba0 Exception <a 'java/lang/ClassNotFoundException'{0x00000000ee6403a8}: org/gradle/invocation/DefaultGradleCustomizer> (0x00000000ee6403a8) 
thrown [s\open\src\hotspot\share\classfile\systemDictionary.cpp, line 312]
Event: 16.749 Thread 0x000001f34c192ba0 Exception <a 'java/lang/ClassNotFoundException'{0x00000000ee682738}: org/gradle/invocation/DefaultGradle_DecoratedCustomizer> (0x00000000ee682738) 
thrown [s\open\src\hotspot\share\classfile\systemDictionary.cpp, line 312]
Event: 16.961 Thread 0x000001f34c192ba0 Exception <a 'java/lang/ClassNotFoundException'{0x00000000ee22b280}: groovy/lang/Closure$1BeanInfo> (0x00000000ee22b280) 
thrown [s\open\src\hotspot\share\classfile\systemDictionary.cpp, line 312]
Event: 16.962 Thread 0x000001f34c192ba0 Exception <a 'java/lang/ClassNotFoundException'{0x00000000ee237ec8}: groovy/lang/ClosureBeanInfo> (0x00000000ee237ec8) 
thrown [s\open\src\hotspot\share\classfile\systemDictionary.cpp, line 312]
Event: 16.964 Thread 0x000001f34c192ba0 Exception <a 'java/lang/ClassNotFoundException'{0x00000000ee244a18}: groovy/lang/ClosureCustomizer> (0x00000000ee244a18) 
thrown [s\open\src\hotspot\share\classfile\systemDictionary.cpp, line 312]
Event: 16.970 Thread 0x000001f34c192ba0 Exception <a 'java/lang/ClassNotFoundException'{0x00000000ee274ac8}: groovy/lang/Closure$1Customizer> (0x00000000ee274ac8) 
thrown [s\open\src\hotspot\share\classfile\systemDictionary.cpp, line 312]
Event: 17.091 Thread 0x000001f34c192ba0 Exception <a 'java/lang/ClassNotFoundException'{0x00000000edf149d8}: ijresolvers1_9whcm9lg73h9ecgmua9z60y06BeanInfo> (0x00000000edf149d8) 
thrown [s\open\src\hotspot\share\classfile\systemDictionary.cpp, line 312]
Event: 17.092 Thread 0x000001f34c192ba0 Exception <a 'java/lang/ClassNotFoundException'{0x00000000edf1a298}: ijresolvers1_9whcm9lg73h9ecgmua9z60y06Customizer> (0x00000000edf1a298) 
thrown [s\open\src\hotspot\share\classfile\systemDictionary.cpp, line 312]
Event: 17.132 Thread 0x000001f34c192ba0 Exception <a 'java/lang/ClassNotFoundException'{0x00000000edff6bb0}: org/gradle/execution/taskgraph/DefaultTaskExecutionGraphBeanInfo> (0x00000000edff6bb0) 
thrown [s\open\src\hotspot\share\classfile\systemDictionary.cpp, line 312]
Event: 17.133 Thread 0x000001f34c192ba0 Exception <a 'java/lang/ClassNotFoundException'{0x00000000ede04428}: org/gradle/execution/taskgraph/DefaultTaskExecutionGraphCustomizer> (0x00000000ede04428) 
thrown [s\open\src\hotspot\share\classfile\systemDictionary.cpp, line 312]
Event: 17.200 Thread 0x000001f34c192ba0 Exception <a 'java/lang/ClassNotFoundException'{0x00000000edd1bb30}: org/gradle/configuration/internal/DefaultListenerBuildOperationDecorator$BuildOperationEmittingClosureBeanInfo> (0x00000000edd1bb30) 
thrown [s\open\src\hotspot\share\classfile\systemDictionary.cpp, line 312]
Event: 17.202 Thread 0x000001f34c192ba0 Exception <a 'java/lang/ClassNotFoundException'{0x00000000edd29960}: org/gradle/configuration/internal/DefaultListenerBuildOperationDecorator$BuildOperationEmittingClosureCustomizer> (0x00000000edd29960) 
thrown [s\open\src\hotspot\share\classfile\systemDictionary.cpp, line 312]
Event: 17.303 Thread 0x000001f34c192ba0 Exception <a 'java/lang/ClassNotFoundException'{0x00000000edc8d0b0}: Build_HistoryAppNewSpring2024__22h8dejnnul00xu9k5ayhymu8BeanInfo> (0x00000000edc8d0b0) 
thrown [s\open\src\hotspot\share\classfile\systemDictionary.cpp, line 312]
Event: 17.304 Thread 0x000001f34c192ba0 Exception <a 'java/lang/ClassNotFoundException'{0x00000000edc92a80}: Build_HistoryAppNewSpring2024__22h8dejnnul00xu9k5ayhymu8Customizer> (0x00000000edc92a80) 
thrown [s\open\src\hotspot\share\classfile\systemDictionary.cpp, line 312]

ZGC Phase Switch (0 events):
No events

VM Operations (20 events):
Event: 15.906 Executing VM operation: Cleanup
Event: 15.906 Executing VM operation: Cleanup done
Event: 16.110 Executing VM operation: HandshakeAllThreads (Deoptimize)
Event: 16.110 Executing VM operation: HandshakeAllThreads (Deoptimize) done
Event: 16.111 Executing VM operation: HandshakeAllThreads (Deoptimize)
Event: 16.111 Executing VM operation: HandshakeAllThreads (Deoptimize) done
Event: 16.122 Executing VM operation: HandshakeAllThreads (Deoptimize)
Event: 16.122 Executing VM operation: HandshakeAllThreads (Deoptimize) done
Event: 16.189 Executing VM operation: CollectForMetadataAllocation (Metadata GC Threshold)
Event: 16.206 Executing VM operation: CollectForMetadataAllocation (Metadata GC Threshold) done
Event: 16.235 Executing VM operation: G1PauseRemark
Event: 16.242 Executing VM operation: G1PauseRemark done
Event: 16.252 Executing VM operation: G1PauseCleanup
Event: 16.253 Executing VM operation: G1PauseCleanup done
Event: 16.349 Executing VM operation: HandshakeAllThreads (Deoptimize)
Event: 16.349 Executing VM operation: HandshakeAllThreads (Deoptimize) done
Event: 17.014 Executing VM operation: ICBufferFull
Event: 17.014 Executing VM operation: ICBufferFull done
Event: 18.019 Executing VM operation: Cleanup
Event: 18.019 Executing VM operation: Cleanup done

Events (20 events):
Event: 16.241 Thread 0x000001f330f43870 flushing nmethod 0x000001f325c40190
Event: 16.241 Thread 0x000001f330f43870 flushing nmethod 0x000001f325c3d890
Event: 16.241 Thread 0x000001f330f43870 flushing nmethod 0x000001f325c56b90
Event: 16.241 Thread 0x000001f330f43870 flushing nmethod 0x000001f325c55c10
Event: 16.241 Thread 0x000001f330f43870 flushing nmethod 0x000001f325c5ff90
Event: 16.241 Thread 0x000001f330f43870 flushing nmethod 0x000001f325c5a210
Event: 16.241 Thread 0x000001f330f43870 flushing nmethod 0x000001f325c4ff90
Event: 16.241 Thread 0x000001f330f43870 flushing nmethod 0x000001f325c54090
Event: 16.241 Thread 0x000001f330f43870 flushing nmethod 0x000001f325c53710
Event: 16.241 Thread 0x000001f330f43870 flushing nmethod 0x000001f325c41e10
Event: 16.241 Thread 0x000001f330f43870 flushing nmethod 0x000001f325c37d10
Event: 16.317 Thread 0x000001f34ad98390 Thread added: 0x000001f34ad98390
Event: 16.805 Thread 0x000001f34d49a930 Thread added: 0x000001f34d49a930
Event: 16.942 Thread 0x000001f34d49a930 Thread exited: 0x000001f34d49a930
Event: 16.942 Thread 0x000001f34ad98390 Thread exited: 0x000001f34ad98390
Event: 17.008 Thread 0x000001f34be92c80 Thread added: 0x000001f34be92c80
Event: 17.028 Thread 0x000001f34cc01c40 Thread added: 0x000001f34cc01c40
Event: 17.061 Thread 0x000001f34cbfe7c0 Thread added: 0x000001f34cbfe7c0
Event: 17.268 Thread 0x000001f34cc022d0 Thread added: 0x000001f34cc022d0
Event: 17.288 Thread 0x000001f34cc00890 Thread added: 0x000001f34cc00890


Dynamic libraries:
0x00007ff683b10000 - 0x00007ff683b1e000 	C:\Users\Plamen Kamenov\.jdks\openjdk-21.0.2\bin\java.exe
0x00007ffe885e0000 - 0x00007ffe88843000 	C:\WINDOWS\SYSTEM32\ntdll.dll
0x00007ffe87b80000 - 0x00007ffe87c48000 	C:\WINDOWS\System32\KERNEL32.DLL
0x00007ffe85c60000 - 0x00007ffe86012000 	C:\WINDOWS\System32\KERNELBASE.dll
0x00007ffe86250000 - 0x00007ffe8639b000 	C:\WINDOWS\System32\ucrtbase.dll
0x00007ffe7b960000 - 0x00007ffe7b978000 	C:\Users\Plamen Kamenov\.jdks\openjdk-21.0.2\bin\jli.dll
0x00007ffe7b7f0000 - 0x00007ffe7b80b000 	C:\Users\Plamen Kamenov\.jdks\openjdk-21.0.2\bin\VCRUNTIME140.dll
0x00007ffe87970000 - 0x00007ffe87b38000 	C:\WINDOWS\System32\USER32.dll
0x00007ffe59be0000 - 0x00007ffe59e70000 	C:\WINDOWS\WinSxS\amd64_microsoft.windows.common-controls_6595b64144ccf1df_6.0.26100.2454_none_3e0b68a2e331ad60\COMCTL32.dll
0x00007ffe86170000 - 0x00007ffe86197000 	C:\WINDOWS\System32\win32u.dll
0x00007ffe86d20000 - 0x00007ffe86dc9000 	C:\WINDOWS\System32\msvcrt.dll
0x00007ffe87d40000 - 0x00007ffe87d6a000 	C:\WINDOWS\System32\GDI32.dll
0x00007ffe859b0000 - 0x00007ffe85adb000 	C:\WINDOWS\System32\gdi32full.dll
0x00007ffe861a0000 - 0x00007ffe86243000 	C:\WINDOWS\System32\msvcp_win.dll
0x00007ffe87b40000 - 0x00007ffe87b6f000 	C:\WINDOWS\System32\IMM32.DLL
0x00007ffe7d720000 - 0x00007ffe7d72c000 	C:\Users\Plamen Kamenov\.jdks\openjdk-21.0.2\bin\vcruntime140_1.dll
0x00007ffe513c0000 - 0x00007ffe5144e000 	C:\Users\Plamen Kamenov\.jdks\openjdk-21.0.2\bin\msvcp140.dll
0x00007ffe06720000 - 0x00007ffe07437000 	C:\Users\Plamen Kamenov\.jdks\openjdk-21.0.2\bin\server\jvm.dll
0x00007ffe876d0000 - 0x00007ffe87784000 	C:\WINDOWS\System32\ADVAPI32.dll
0x00007ffe87c50000 - 0x00007ffe87cf6000 	C:\WINDOWS\System32\sechost.dll
0x00007ffe87850000 - 0x00007ffe87966000 	C:\WINDOWS\System32\RPCRT4.dll
0x00007ffe88050000 - 0x00007ffe880c4000 	C:\WINDOWS\System32\WS2_32.dll
0x00007ffe84620000 - 0x00007ffe8466e000 	C:\WINDOWS\SYSTEM32\POWRPROF.dll
0x00007ffe605c0000 - 0x00007ffe605f6000 	C:\WINDOWS\SYSTEM32\WINMM.dll
0x00007ffe79ce0000 - 0x00007ffe79ceb000 	C:\WINDOWS\SYSTEM32\VERSION.dll
0x00007ffe84600000 - 0x00007ffe84614000 	C:\WINDOWS\SYSTEM32\UMPDC.dll
0x00007ffe848c0000 - 0x00007ffe848da000 	C:\WINDOWS\SYSTEM32\kernel.appcore.dll
0x00007ffe7be00000 - 0x00007ffe7be0a000 	C:\Users\Plamen Kamenov\.jdks\openjdk-21.0.2\bin\jimage.dll
0x00007ffe83280000 - 0x00007ffe834c1000 	C:\WINDOWS\SYSTEM32\DBGHELP.DLL
0x00007ffe880d0000 - 0x00007ffe8844e000 	C:\WINDOWS\System32\combase.dll
0x00007ffe88460000 - 0x00007ffe88536000 	C:\WINDOWS\System32\OLEAUT32.dll
0x00007ffe72b90000 - 0x00007ffe72bc9000 	C:\WINDOWS\SYSTEM32\dbgcore.DLL
0x00007ffe863a0000 - 0x00007ffe86439000 	C:\WINDOWS\System32\bcryptPrimitives.dll
0x00007ffe7b9b0000 - 0x00007ffe7b9bf000 	C:\Users\Plamen Kamenov\.jdks\openjdk-21.0.2\bin\instrument.dll
0x00007ffe7b770000 - 0x00007ffe7b78f000 	C:\Users\Plamen Kamenov\.jdks\openjdk-21.0.2\bin\java.dll
0x00007ffe86610000 - 0x00007ffe86d10000 	C:\WINDOWS\System32\SHELL32.dll
0x00007ffe836a0000 - 0x00007ffe83ed1000 	C:\WINDOWS\SYSTEM32\windows.storage.dll
0x00007ffe87f70000 - 0x00007ffe8804a000 	C:\WINDOWS\System32\SHCORE.dll
0x00007ffe88540000 - 0x00007ffe8859d000 	C:\WINDOWS\System32\shlwapi.dll
0x00007ffe858c0000 - 0x00007ffe858ee000 	C:\WINDOWS\SYSTEM32\profapi.dll
0x00007ffe49e40000 - 0x00007ffe49f17000 	C:\Users\Plamen Kamenov\.jdks\openjdk-21.0.2\bin\jsvml.dll
0x00007ffe79e00000 - 0x00007ffe79e18000 	C:\Users\Plamen Kamenov\.jdks\openjdk-21.0.2\bin\zip.dll
0x00007ffe79930000 - 0x00007ffe79940000 	C:\Users\Plamen Kamenov\.jdks\openjdk-21.0.2\bin\net.dll
0x00007ffe7dd20000 - 0x00007ffe7de46000 	C:\WINDOWS\SYSTEM32\WINHTTP.dll
0x00007ffe84da0000 - 0x00007ffe84e08000 	C:\WINDOWS\system32\mswsock.dll
0x00007ffe79910000 - 0x00007ffe79926000 	C:\Users\Plamen Kamenov\.jdks\openjdk-21.0.2\bin\nio.dll
0x00007ffe79900000 - 0x00007ffe79910000 	C:\Users\Plamen Kamenov\.jdks\openjdk-21.0.2\bin\verify.dll
0x00007ffe79d70000 - 0x00007ffe79d97000 	C:\Users\Plamen Kamenov\.gradle\native\c067742578af261105cb4f569cf0c3c89f3d7b1fecec35dd04571415982c5e48\windows-amd64\native-platform.dll
0x00007ffe11050000 - 0x00007ffe11194000 	C:\Users\Plamen Kamenov\.gradle\native\38dada09dfb8b06ba9b0570ebf7e218e3eb74d4ef43ca46872605cf95ebc2f47\windows-amd64\native-platform-file-events.dll
0x00007ffe798f0000 - 0x00007ffe798fa000 	C:\Users\Plamen Kamenov\.jdks\openjdk-21.0.2\bin\management.dll
0x00007ffe79290000 - 0x00007ffe7929b000 	C:\Users\Plamen Kamenov\.jdks\openjdk-21.0.2\bin\management_ext.dll
0x00007ffe86440000 - 0x00007ffe86448000 	C:\WINDOWS\System32\PSAPI.DLL
0x00007ffe85150000 - 0x00007ffe8516c000 	C:\WINDOWS\SYSTEM32\CRYPTSP.dll
0x00007ffe84820000 - 0x00007ffe84858000 	C:\WINDOWS\system32\rsaenh.dll
0x00007ffe84e40000 - 0x00007ffe84e6b000 	C:\WINDOWS\SYSTEM32\USERENV.dll
0x00007ffe852e0000 - 0x00007ffe85306000 	C:\WINDOWS\SYSTEM32\bcrypt.dll
0x00007ffe84fd0000 - 0x00007ffe84fdc000 	C:\WINDOWS\SYSTEM32\CRYPTBASE.dll
0x00007ffe84310000 - 0x00007ffe84342000 	C:\WINDOWS\SYSTEM32\IPHLPAPI.DLL
0x00007ffe87d00000 - 0x00007ffe87d0a000 	C:\WINDOWS\System32\NSI.dll
0x00007ffe77f40000 - 0x00007ffe77f49000 	C:\Users\Plamen Kamenov\.jdks\openjdk-21.0.2\bin\extnet.dll
0x00007ffe6e2a0000 - 0x00007ffe6e2ae000 	C:\Users\Plamen Kamenov\.jdks\openjdk-21.0.2\bin\sunmscapi.dll
0x00007ffe85ae0000 - 0x00007ffe85c56000 	C:\WINDOWS\System32\CRYPT32.dll
0x00007ffe852a0000 - 0x00007ffe852d0000 	C:\WINDOWS\SYSTEM32\ncrypt.dll
0x00007ffe85250000 - 0x00007ffe8528f000 	C:\WINDOWS\SYSTEM32\NTASN1.dll
0x00007ffdec2f0000 - 0x00007ffdec2f8000 	C:\WINDOWS\system32\wshunix.dll

dbghelp: loaded successfully - version: 4.0.5 - missing functions: none
symbol engine: initialized successfully - sym options: 0x614 - pdb path: .;C:\Users\Plamen Kamenov\.jdks\openjdk-21.0.2\bin;C:\WINDOWS\SYSTEM32;C:\WINDOWS\WinSxS\amd64_microsoft.windows.common-controls_6595b64144ccf1df_6.0.26100.2454_none_3e0b68a2e331ad60;C:\Users\Plamen Kamenov\.jdks\openjdk-21.0.2\bin\server;C:\Users\Plamen Kamenov\.gradle\native\c067742578af261105cb4f569cf0c3c89f3d7b1fecec35dd04571415982c5e48\windows-amd64;C:\Users\Plamen Kamenov\.gradle\native\38dada09dfb8b06ba9b0570ebf7e218e3eb74d4ef43ca46872605cf95ebc2f47\windows-amd64

VM Arguments:
jvm_args: --add-opens=java.base/java.util=ALL-UNNAMED --add-opens=java.base/java.lang=ALL-UNNAMED --add-opens=java.base/java.lang.invoke=ALL-UNNAMED --add-opens=java.prefs/java.util.prefs=ALL-UNNAMED --add-opens=java.base/java.nio.charset=ALL-UNNAMED --add-opens=java.base/java.net=ALL-UNNAMED --add-opens=java.base/java.util.concurrent.atomic=ALL-UNNAMED -XX:MaxMetaspaceSize=384m -XX:+HeapDumpOnOutOfMemoryError -Xms256m -Xmx512m -Dfile.encoding=windows-1251 -Duser.country=US -Duser.language=en -Duser.variant -javaagent:C:\Users\Plamen Kamenov\.gradle\wrapper\dists\gradle-8.7-bin\bhs2wmbdwecv87pi65oeuq5iu\gradle-8.7\lib\agents\gradle-instrumentation-agent-8.7.jar 
java_command: org.gradle.launcher.daemon.bootstrap.GradleDaemon 8.7
java_class_path (initial): C:\Users\Plamen Kamenov\.gradle\wrapper\dists\gradle-8.7-bin\bhs2wmbdwecv87pi65oeuq5iu\gradle-8.7\lib\gradle-launcher-8.7.jar
Launcher Type: SUN_STANDARD

[Global flags]
     intx CICompilerCount                          = 4                                         {product} {ergonomic}
   size_t CompressedClassSpaceSize                 = 335544320                                 {product} {ergonomic}
     uint ConcGCThreads                            = 2                                         {product} {ergonomic}
     uint G1ConcRefinementThreads                  = 8                                         {product} {ergonomic}
   size_t G1HeapRegionSize                         = 1048576                                   {product} {ergonomic}
    uintx GCDrainStackTargetSize                   = 64                                        {product} {ergonomic}
     bool HeapDumpOnOutOfMemoryError               = true                                   {manageable} {command line}
   size_t InitialHeapSize                          = 268435456                                 {product} {command line}
   size_t MarkStackSize                            = 4194304                                   {product} {ergonomic}
   size_t MaxHeapSize                              = 536870912                                 {product} {command line}
   size_t MaxMetaspaceSize                         = 402653184                                 {product} {command line}
   size_t MaxNewSize                               = 321912832                                 {product} {ergonomic}
   size_t MinHeapDeltaBytes                        = 1048576                                   {product} {ergonomic}
   size_t MinHeapSize                              = 268435456                                 {product} {command line}
    uintx NonNMethodCodeHeapSize                   = 5839372                                {pd product} {ergonomic}
    uintx NonProfiledCodeHeapSize                  = 122909434                              {pd product} {ergonomic}
    uintx ProfiledCodeHeapSize                     = 122909434                              {pd product} {ergonomic}
    uintx ReservedCodeCacheSize                    = 251658240                              {pd product} {ergonomic}
     bool SegmentedCodeCache                       = true                                      {product} {ergonomic}
   size_t SoftMaxHeapSize                          = 536870912                              {manageable} {ergonomic}
     bool UseCompressedOops                        = true                           {product lp64_product} {ergonomic}
     bool UseG1GC                                  = true                                      {product} {ergonomic}
     bool UseLargePagesIndividualAllocation        = false                                  {pd product} {ergonomic}

Logging:
Log output configuration:
 #0: stdout all=warning uptime,level,tags foldmultilines=false
 #1: stderr all=off uptime,level,tags foldmultilines=false

Environment Variables:
JAVA_HOME=C:\Program Files\Java\jdk-<your_version>
PATH=%PATH%;C:\Program Files\Java\jdk-<your_version>\bin;C:\Program Files\PowerShell\7\;C:\Program Files\nodejs\;C:\Program Files\dotnet\;C:\Program Files\Microsoft SQL Server\Client SDK\ODBC\170\Tools\Binn\;C:\Program Files\Microsoft SQL Server\150\DTS\Binn\;C:\WINDOWS\system32;C:\WINDOWS;C:\WINDOWS\System32\Wbem;C:\WINDOWS\System32\WindowsPowerShell\v1.0\;C:\WINDOWS\System32\OpenSSH\;C:\Program Files\Git\cmd;C:\Program Files\MySQL\MySQL Shell 8.0\bin\;C:\Users\Plamen Kamenov\AppData\Local\Microsoft\WindowsApps;C:\Users\Plamen Kamenov\AppData\Local\Programs\Microsoft VS Code\bin;C:\Users\Plamen Kamenov\AppData\Local\Microsoft\WinGet\Packages\Schniz.fnm_Microsoft.Winget.Source_8wekyb3d8bbwe;C:\Users\Plamen Kamenov\AppData\Roaming\npm;
USERNAME=Plamen Kamenov
OS=Windows_NT
PROCESSOR_IDENTIFIER=Intel64 Family 6 Model 142 Stepping 12, GenuineIntel
TMP=C:\Users\PLAMEN~1\AppData\Local\Temp
TEMP=C:\Users\PLAMEN~1\AppData\Local\Temp




Periodic native trim disabled

---------------  S Y S T E M  ---------------

OS:
 Windows 11 , 64 bit Build 26100 (10.0.26100.2454)
OS uptime: 7 days 10:15 hours
Hyper-V role detected

CPU: total 8 (initial active 8) (4 cores per cpu, 2 threads per core) family 6 model 142 stepping 12 microcode 0xfc, cx8, cmov, fxsr, ht, mmx, 3dnowpref, sse, sse2, sse3, ssse3, sse4.1, sse4.2, popcnt, lzcnt, tsc, tscinvbit, avx, avx2, aes, erms, clmul, bmi1, bmi2, adx, fma, vzeroupper, clflush, clflushopt, hv, rdtscp, f16c
Processor Information for all 8 processors :
  Max Mhz: 2112, Current Mhz: 1910, Mhz Limit: 1900

Memory: 4k page, system-wide physical 24390M (596M free)
TotalPageFile size 46889M (AvailPageFile size 7M)
current process WorkingSet (physical memory assigned to process): 287M, peak: 290M
current process commit charge ("private bytes"): 442M, peak: 446M

vm_info: OpenJDK 64-Bit Server VM (21.0.2+13-58) for windows-amd64 JRE (21.0.2+13-58), built on 2024-01-05T18:32:24Z by "mach5one" with MS VC++ 17.1 (VS2022)

END.
